== happy variant 1/1 ==
   verdict: PASS (exit 0) - 38s
======================================================================
walked 1 variant(s) this invocation. results -> /Users/ayobamidele/text-conc/systems/moodle/variant_results_happy.log
per-variant logs -> /Users/ayobamidele/text-conc/systems/moodle/variant_logs/happy/

tally (all recorded results so far, including earlier invocations):
   1 PASS -
== happy_quiz variant 1/1 ==
   verdict: PASS (exit 0) - 33s
== happy_quiz variant 2/2 ==
   verdict: PASS (exit 0) - 38s
======================================================================
walked 2 variant(s) this invocation. results -> /Users/ayobamidele/text-conc/systems/moodle/variant_results_happy_quiz.log
per-variant logs -> /Users/ayobamidele/text-conc/systems/moodle/variant_logs/happy_quiz/

tally (all recorded results so far, including earlier invocations):
   2 PASS -
== app1_write_fail variant 1/1 ==
   verdict: PASS (exit 0) - 32s
== app1_write_fail variant 2/2 ==
   verdict: PASS (exit 0) - 31s
======================================================================
walked 2 variant(s) this invocation. results -> /Users/ayobamidele/text-conc/systems/moodle/variant_results_app1_write_fail.log
per-variant logs -> /Users/ayobamidele/text-conc/systems/moodle/variant_logs/app1_write_fail/

tally (all recorded results so far, including earlier invocations):
   2 PASS -
== app_grade_stale_sub variant 1/1 ==
   verdict: INCONC (exit 1) - 53s
== app_grade_stale_sub variant 2/2 ==
   verdict: INCONC (exit 1) - 50s
== app_grade_stale_sub variant 3/3 ==
   verdict: NONE (exit 2) - 42s
== app_grade_stale_sub variant 4/4 ==
   verdict: NONE (exit 2) - 28s
== app_grade_stale_sub variant 5/5 ==
   verdict: INCONC (exit 1) - 51s
== app_grade_stale_sub variant 6/6 ==
   verdict: FAIL (exit 1) - 37s
== app_grade_stale_sub variant 7/7 ==
   verdict: FAIL (exit 1) - 31s
== app_grade_stale_sub variant 8/8 ==
   verdict: FAIL (exit 1) - 28s
== app_grade_stale_sub variant 9/9 ==
   verdict: FAIL (exit 1) - 30s
== app_grade_stale_sub variant 10/10 ==
   verdict: FAIL (exit 1) - 30s
== app_grade_stale_sub variant 11/11 ==
   verdict: FAIL (exit 1) - 38s
== app_grade_stale_sub variant 12/12 ==
   verdict: FAIL (exit 1) - 30s
== app_grade_stale_sub variant 13/13 ==
   verdict: NONE (exit 2) - 19s
== app_grade_stale_sub variant 14/14 ==
   verdict: FAIL (exit 1) - 30s
== app_grade_stale_sub variant 15/15 ==
   verdict: FAIL (exit 1) - 38s
== app_grade_stale_sub variant 16/16 ==
   verdict: FAIL (exit 1) - 30s
== app_grade_stale_sub variant 17/17 ==
   verdict: FAIL (exit 1) - 39s
== app_grade_stale_sub variant 18/18 ==
   verdict: FAIL (exit 1) - 39s
== app_grade_stale_sub variant 19/19 ==
   verdict: FAIL (exit 1) - 29s
== app_grade_stale_sub variant 20/20 ==
   verdict: FAIL (exit 1) - 30s
== app_grade_stale_sub variant 21/21 ==
   verdict: FAIL (exit 1) - 29s
== app_grade_stale_sub variant 22/22 ==
   verdict: FAIL (exit 1) - 29s
== app_grade_stale_sub variant 23/23 ==
   verdict: FAIL (exit 1) - 30s
== app_grade_stale_sub variant 24/24 ==
   verdict: FAIL (exit 1) - 29s
== app_grade_stale_sub variant 25/25 ==
   verdict: FAIL (exit 1) - 29s
== app_grade_stale_sub variant 26/26 ==
   verdict: FAIL (exit 1) - 44s
== app_grade_stale_sub variant 27/27 ==
   verdict: FAIL (exit 1) - 30s
== app_grade_stale_sub variant 28/28 ==
   verdict: FAIL (exit 1) - 29s
== app_grade_stale_sub variant 29/29 ==
   verdict: FAIL (exit 1) - 30s
== app_grade_stale_sub variant 30/30 ==
   verdict: FAIL (exit 1) - 30s
== app_grade_stale_sub variant 31/31 ==
   verdict: FAIL (exit 1) - 30s
== app_grade_stale_sub variant 32/32 ==
   verdict: FAIL (exit 1) - 29s
== app_grade_stale_sub variant 33/33 ==
   verdict: FAIL (exit 1) - 29s
== app_grade_stale_sub variant 34/34 ==
   verdict: FAIL (exit 1) - 29s
== app_grade_stale_sub variant 35/35 ==
   verdict: FAIL (exit 1) - 29s
== app_grade_stale_sub variant 36/36 ==
   verdict: FAIL (exit 1) - 29s
======================================================================
walked 36 variant(s) this invocation. results -> /Users/ayobamidele/text-conc/systems/moodle/variant_results_app_grade_stale_sub.log
per-variant logs -> /Users/ayobamidele/text-conc/systems/moodle/variant_logs/app_grade_stale_sub/

tally (all recorded results so far, including earlier invocations):
  30 FAIL -
   3 INCONC -
   3 NONE -
== app_lazy_regrade variant 1/1 ==
   verdict: FAIL (exit 1) - 47s
== app_lazy_regrade variant 2/2 ==
   verdict: FAIL (exit 1) - 48s
== app_lazy_regrade variant 3/3 ==
   verdict: FAIL (exit 1) - 62s
== app_lazy_regrade variant 4/4 ==
   verdict: FAIL (exit 1) - 28s
== app_lazy_regrade variant 5/5 ==
   verdict: FAIL (exit 1) - 27s
== app_lazy_regrade variant 6/6 ==
   verdict: FAIL (exit 1) - 28s
== app_lazy_regrade variant 7/7 ==
   verdict: FAIL (exit 1) - 27s
======================================================================
walked 7 variant(s) this invocation. results -> /Users/ayobamidele/text-conc/systems/moodle/variant_results_app_lazy_regrade.log
per-variant logs -> /Users/ayobamidele/text-conc/systems/moodle/variant_logs/app_lazy_regrade/

tally (all recorded results so far, including earlier invocations):
   7 FAIL -
== db_attempt_step_loss variant 1/1 ==
   verdict: PASS (exit 0) - 27s
== db_attempt_step_loss variant 2/2 ==
   verdict: PASS (exit 0) - 27s
======================================================================
walked 2 variant(s) this invocation. results -> /Users/ayobamidele/text-conc/systems/moodle/variant_results_db_attempt_step_loss.log
per-variant logs -> /Users/ayobamidele/text-conc/systems/moodle/variant_logs/db_attempt_step_loss/

tally (all recorded results so far, including earlier invocations):
   2 PASS -
== ue1_lose_conn variant 1/1 ==
   verdict: PASS (exit 0) - 25s
== ue1_lose_conn variant 2/2 ==
   verdict: INCONC (exit 1) - 28s
== ue1_lose_conn variant 3/3 ==
   verdict: INCONC (exit 1) - 27s
== ue1_lose_conn variant 4/4 ==
   verdict: INCONC (exit 1) - 20s
======================================================================
walked 4 variant(s) this invocation. results -> /Users/ayobamidele/text-conc/systems/moodle/variant_results_ue1_lose_conn.log
per-variant logs -> /Users/ayobamidele/text-conc/systems/moodle/variant_logs/ue1_lose_conn/

tally (all recorded results so far, including earlier invocations):
   3 INCONC -
   1 PASS -
== ue1_lose_conn_midattempt variant 1/1 ==
   verdict: PASS (exit 0) - 25s
== ue1_lose_conn_midattempt variant 2/2 ==
   verdict: NONE (exit 1) - 146s
== ue1_lose_conn_midattempt variant 3/3 ==
   verdict: INCONC (exit 1) - 27s
== ue1_lose_conn_midattempt variant 4/4 ==
   verdict: INCONC (exit 1) - 27s
== ue1_lose_conn_midattempt variant 5/5 ==
   verdict: INCONC (exit 1) - 20s
======================================================================
walked 5 variant(s) this invocation. results -> /Users/ayobamidele/text-conc/systems/moodle/variant_results_ue1_lose_conn_midattempt.log
per-variant logs -> /Users/ayobamidele/text-conc/systems/moodle/variant_logs/ue1_lose_conn_midattempt/

tally (all recorded results so far, including earlier invocations):
   3 INCONC -
   1 NONE -
   1 PASS -
== ue2_session_expire variant 1/1 ==
   verdict: PASS (exit 0) - 20s
== ue2_session_expire variant 2/2 ==
   verdict: INCONC (exit 1) - 33s
== ue2_session_expire variant 3/3 ==
   verdict: INCONC (exit 1) - 24s
== ue2_session_expire variant 4/4 ==
   verdict: INCONC (exit 1) - 24s
======================================================================
walked 4 variant(s) this invocation. results -> /Users/ayobamidele/text-conc/systems/moodle/variant_results_ue2_session_expire.log
per-variant logs -> /Users/ayobamidele/text-conc/systems/moodle/variant_logs/ue2_session_expire/

tally (all recorded results so far, including earlier invocations):
   3 INCONC -
   1 PASS -
== infra_cron_dead variant 1/1 ==
   verdict: FAIL (exit 1) - 25s
== infra_cron_dead variant 2/2 ==
   verdict: FAIL (exit 1) - 26s
== infra_cron_dead variant 3/3 ==
   verdict: FAIL (exit 1) - 25s
== infra_cron_dead variant 4/4 ==
   verdict: FAIL (exit 1) - 26s
== infra_cron_dead variant 5/5 ==
   verdict: FAIL (exit 1) - 26s
== infra_cron_dead variant 6/6 ==
   verdict: FAIL (exit 1) - 26s
== infra_cron_dead variant 7/7 ==
   verdict: FAIL (exit 1) - 25s
== infra_cron_dead variant 8/8 ==
   verdict: FAIL (exit 1) - 27s
== infra_cron_dead variant 9/9 ==
   verdict: FAIL (exit 1) - 26s
== infra_cron_dead variant 10/10 ==
   verdict: FAIL (exit 1) - 25s
== infra_cron_dead variant 11/11 ==
   verdict: FAIL (exit 1) - 25s
== infra_cron_dead variant 12/12 ==
   verdict: FAIL (exit 1) - 26s
== infra_cron_dead variant 13/13 ==
   verdict: FAIL (exit 1) - 26s
== infra_cron_dead variant 14/14 ==
   verdict: FAIL (exit 1) - 26s
== infra_cron_dead variant 15/15 ==
   verdict: FAIL (exit 1) - 26s
== infra_cron_dead variant 16/16 ==
   verdict: FAIL (exit 1) - 25s
== infra_cron_dead variant 17/17 ==
   verdict: FAIL (exit 1) - 26s
== infra_cron_dead variant 18/18 ==
   verdict: FAIL (exit 1) - 27s
== infra_cron_dead variant 19/19 ==
   verdict: FAIL (exit 1) - 27s
== infra_cron_dead variant 20/20 ==
   verdict: FAIL (exit 1) - 27s
== infra_cron_dead variant 21/21 ==
   verdict: FAIL (exit 1) - 26s
== infra_cron_dead variant 22/22 ==
   verdict: FAIL (exit 1) - 26s
== infra_cron_dead variant 23/23 ==
   verdict: FAIL (exit 1) - 26s
== infra_cron_dead variant 24/24 ==
   verdict: FAIL (exit 1) - 27s
== infra_cron_dead variant 25/25 ==
   verdict: FAIL (exit 1) - 30s
== infra_cron_dead variant 26/26 ==
   verdict: FAIL (exit 1) - 27s
== infra_cron_dead variant 27/27 ==
   verdict: FAIL (exit 1) - 29s
== infra_cron_dead variant 28/28 ==
   verdict: FAIL (exit 1) - 30s
== infra_cron_dead variant 29/29 ==
   verdict: FAIL (exit 1) - 27s
== infra_cron_dead variant 30/30 ==
   verdict: FAIL (exit 1) - 29s
== infra_cron_dead variant 31/31 ==
   verdict: FAIL (exit 1) - 27s
== infra_cron_dead variant 32/32 ==
   verdict: FAIL (exit 1) - 27s
== infra_cron_dead variant 33/33 ==
   verdict: FAIL (exit 1) - 28s
== infra_cron_dead variant 34/34 ==
   verdict: FAIL (exit 1) - 28s
== infra_cron_dead variant 35/35 ==
   verdict: FAIL (exit 1) - 27s
== infra_cron_dead variant 36/36 ==
   verdict: FAIL (exit 1) - 26s
== infra_cron_dead variant 37/37 ==
   verdict: FAIL (exit 1) - 29s
== infra_cron_dead variant 38/38 ==
   verdict: FAIL (exit 1) - 27s
== infra_cron_dead variant 39/39 ==
   verdict: NONE (exit 2) - 26s
== infra_cron_dead variant 40/40 ==
   verdict: FAIL (exit 1) - 27s
== infra_cron_dead variant 41/41 ==
   verdict: FAIL (exit 1) - 27s
== infra_cron_dead variant 42/42 ==
   verdict: FAIL (exit 1) - 27s
======================================================================
walked 42 variant(s) this invocation. results -> /Users/ayobamidele/text-conc/systems/moodle/variant_results_infra_cron_dead.log
per-variant logs -> /Users/ayobamidele/text-conc/systems/moodle/variant_logs/infra_cron_dead/

tally (all recorded results so far, including earlier invocations):
  41 FAIL -
   1 NONE -
== app_partial_submission variant 1/1 ==
   verdict: FAIL (exit 1) - 24s
== app_partial_submission variant 2/2 ==
   verdict: FAIL (exit 1) - 23s
== app_partial_submission variant 3/3 ==
   verdict: PASS (exit 0) - 23s
== app_partial_submission variant 4/4 ==
   verdict: PASS (exit 0) - 23s
======================================================================
walked 4 variant(s) this invocation. results -> /Users/ayobamidele/text-conc/systems/moodle/variant_results_app_partial_submission.log
per-variant logs -> /Users/ayobamidele/text-conc/systems/moodle/variant_logs/app_partial_submission/

tally (all recorded results so far, including earlier invocations):
   2 FAIL -
   2 PASS -
