using testor: ./testor
purposes: happy app1_write_fail app_partial_submission app_grade_stale_sub app_lazy_regrade db_attempt_step_loss infra_cron_dead ue1_lose_conn ue2_session_expire
output dir: .
======================================================================
==> composed model

lnt.open: checking ``compose_moodle.lnt''
moodle_types.lnt:277: warning: channel WriteSubmissionChannel never employed
moodle_types.lnt:390: warning: function L_grade never called
moodle_types.lnt:400: warning: function L_version never called
moodle_types.lnt:38: warning: "with" function == of type CourseId never called
moodle_types.lnt:43: warning: "with" function == of type QuizId never called
moodle_types.lnt:52: warning: "with" function == of type AttemptId never called
moodle_types.lnt:57: warning: "with" function == of type AssignId never called
moodle_types.lnt:68: warning: "with" function == of type Grade never called
moodle_types.lnt:91: warning: "with" function == of type AttemptStatus never called
moodle_types.lnt:161: warning: "with" function == of type SubmissionVersion never called
moodle_types.lnt:323: warning: "with" function == of type Route never called
moodle_types.lnt:374: warning: "with" function == of type Selector never called
moodle_types.lnt:386: warning: "with" function == of type ConcreteValue never called
specification_moodle.lnt:126: warning: useless assignment to g
specification_moodle.lnt:139: warning: useless assignment to st
specification_moodle.lnt:151: warning: useless assignment to ver
specification_moodle.lnt:150: warning: useless assignment to sst
specification_moodle.lnt:148: warning: useless assignment to ver
specification_moodle.lnt:147: warning: useless assignment to sst
specification_moodle.lnt:171: warning: useless assignment to sst
specification_moodle.lnt:173: warning: useless assignment to ver
specification_moodle.lnt:175: warning: useless assignment to ver
specification_moodle.lnt:175: warning: useless assignment to g
specification_moodle.lnt:195: warning: useless assignment to g
specification_moodle.lnt:113: warning: useless assignment to ver
specification_moodle.lnt:112: warning: useless assignment to sst
specification_moodle.lnt:111: warning: useless assignment to st
specification_moodle.lnt:110: warning: useless assignment to g
specification_moodle.lnt:238: warning: useless assignment to ver
specification_moodle.lnt:230: warning: useless assignment to ver
specification_moodle.lnt:310: warning: useless assignment to s
specification_moodle.lnt:331: warning: useless assignment to s
specification_moodle.lnt:297: warning: useless assignment to shown
specification_moodle.lnt:295: warning: useless assignment to s
specification_moodle.lnt:293: warning: useless assignment to asn
specification_moodle.lnt:496: warning: useless assignment to qz
specification_moodle.lnt:496: warning: useless assignment to crs
specification_moodle.lnt:519: warning: useless assignment to sst
specification_moodle.lnt:519: warning: useless assignment to asn
specification_moodle.lnt:522: warning: useless assignment to ver
specification_moodle.lnt:522: warning: useless assignment to asn
specification_moodle.lnt:489: warning: useless assignment to sst
specification_moodle.lnt:488: warning: useless assignment to ver
specification_moodle.lnt:487: warning: useless assignment to asn
specification_moodle.lnt:485: warning: useless assignment to qz
specification_moodle.lnt:484: warning: useless assignment to crs
system_interface_moodle.lnt:239: warning: useless assignment to st
system_interface_moodle.lnt:352: warning: useless assignment to sst
system_interface_moodle.lnt:371: warning: useless assignment to ver
system_interface_moodle.lnt:398: warning: useless assignment to ver
system_interface_moodle.lnt:436: warning: useless assignment to ver
system_interface_moodle.lnt:103: warning: useless assignment to ver
system_interface_moodle.lnt:102: warning: useless assignment to sst
system_interface_moodle.lnt:101: warning: useless assignment to st

lnt.open: translating ``moodle_types.lnt'' to ``/tmp/paulad_lnt.open_Bvcb8g/MOODLE_TYPES.lib'' ...

lnt.open: translating ``specification_moodle.lnt'' to ``/tmp/paulad_lnt.open_Bvcb8g/SPECIFICATION_MOODLE.lib'' ...

lnt.open: translating ``system_interface_moodle.lnt'' to ``/tmp/paulad_lnt.open_Bvcb8g/SYSTEM_INTERFACE_MOODLE.lib'' ...

lnt.open: translating ``compose_moodle.lnt'' to ``/tmp/paulad_lnt.open_Bvcb8g/compose_moodle.lotos'' ...

lnt.open: calling lotos.open for ``compose_moodle.lotos'' ...
lotos.open: using ``(direct) caesar''
lotos.open: calling ``caesar.adt -debug -silent compose_moodle''
cadp_indent: cannot find ``indent''
             file ``compose_moodle.h'' will not be formatted
lotos.open: calling ``caesar -main 'COMPOSED' -silent compose_moodle''
  311909 states, 1511549 transitions
  all 8 faults and all oracles present in the alphabet
======================================================================
==> happy
  1. tp -> BCG
moodle_types.lnt:269: warning: channel WriteAttemptChannel never employed
moodle_types.lnt:273: warning: channel StatusChannel never employed
moodle_types.lnt:277: warning: channel WriteSubmissionChannel never employed
moodle_types.lnt:284: warning: channel StatusWriteChannel never employed
moodle_types.lnt:288: warning: channel ContentWriteChannel never employed
moodle_types.lnt:423: warning: channel Ch_Navigate never employed
moodle_types.lnt:424: warning: channel Ch_TypeInto never employed
moodle_types.lnt:425: warning: channel Ch_Click never employed
moodle_types.lnt:426: warning: channel Ch_WaitFor never employed
moodle_types.lnt:427: warning: channel Ch_Observe never employed
moodle_types.lnt:390: warning: function L_grade never called
moodle_types.lnt:400: warning: function L_version never called
moodle_types.lnt:408: warning: function L_user never called
moodle_types.lnt:415: warning: function L_pass never called
moodle_types.lnt:38: warning: "with" function == of type CourseId never called
moodle_types.lnt:43: warning: "with" function == of type QuizId never called
moodle_types.lnt:52: warning: "with" function == of type AttemptId never called
moodle_types.lnt:57: warning: "with" function == of type AssignId never called
moodle_types.lnt:68: warning: "with" function == of type Grade never called
moodle_types.lnt:91: warning: "with" function == of type AttemptStatus never called
moodle_types.lnt:115: warning: "with" function == of type SubmissionStatus never called
moodle_types.lnt:142: warning: "with" function == of type Actor never called
moodle_types.lnt:161: warning: "with" function == of type SubmissionVersion never called
moodle_types.lnt:323: warning: "with" function == of type Route never called
moodle_types.lnt:374: warning: "with" function == of type Selector never called
moodle_types.lnt:386: warning: "with" function == of type ConcreteValue never called
tp_happy.lnt:28: warning: event parameter ENROL never accessed
tp_happy.lnt:29: warning: event parameter VIEW_QUIZ never accessed
tp_happy.lnt:30: warning: event parameter START_ATTEMPT never accessed
tp_happy.lnt:31: warning: event parameter SAVE_ATTEMPT never accessed
tp_happy.lnt:32: warning: event parameter PROCESS_ATTEMPT never accessed
tp_happy.lnt:33: warning: event parameter GRADE_PERSISTED never accessed
tp_happy.lnt:34: warning: event parameter ATTEMPT_STATE never accessed
tp_happy.lnt:40: warning: event parameter OPEN_GRADING never accessed
tp_happy.lnt:41: warning: event parameter GRADING_SHOWS never accessed
tp_happy.lnt:42: warning: event parameter GRADE_SUBMISSION never accessed
tp_happy.lnt:43: warning: event parameter CONFIRMED_GRADE never accessed
tp_happy.lnt:44: warning: event parameter VIEW_COURSE_TOTAL never accessed
tp_happy.lnt:45: warning: event parameter COURSE_TOTAL never accessed
tp_happy.lnt:49: warning: event parameter WRITE_ERROR_SHOWN never accessed
tp_happy.lnt:49: warning: event parameter STALE_WARNING_SHOWN never accessed
tp_happy.lnt:50: warning: event parameter SESSION_ERROR_SHOWN never accessed
tp_happy.lnt:50: warning: event parameter CONN_ERROR_SHOWN never accessed
cadp_indent: cannot find ``indent''
             file ``tp_happy.h'' will not be formatted
  2. COMPOSED x tp -> test case BCG

lnt.open: checking ``compose_moodle.lnt''
moodle_types.lnt:277: warning: channel WriteSubmissionChannel never employed
moodle_types.lnt:390: warning: function L_grade never called
moodle_types.lnt:400: warning: function L_version never called
moodle_types.lnt:38: warning: "with" function == of type CourseId never called
moodle_types.lnt:43: warning: "with" function == of type QuizId never called
moodle_types.lnt:52: warning: "with" function == of type AttemptId never called
moodle_types.lnt:57: warning: "with" function == of type AssignId never called
moodle_types.lnt:68: warning: "with" function == of type Grade never called
moodle_types.lnt:91: warning: "with" function == of type AttemptStatus never called
moodle_types.lnt:161: warning: "with" function == of type SubmissionVersion never called
moodle_types.lnt:323: warning: "with" function == of type Route never called
moodle_types.lnt:374: warning: "with" function == of type Selector never called
moodle_types.lnt:386: warning: "with" function == of type ConcreteValue never called
specification_moodle.lnt:126: warning: useless assignment to g
specification_moodle.lnt:139: warning: useless assignment to st
specification_moodle.lnt:151: warning: useless assignment to ver
specification_moodle.lnt:150: warning: useless assignment to sst
specification_moodle.lnt:148: warning: useless assignment to ver
specification_moodle.lnt:147: warning: useless assignment to sst
specification_moodle.lnt:171: warning: useless assignment to sst
specification_moodle.lnt:173: warning: useless assignment to ver
specification_moodle.lnt:175: warning: useless assignment to ver
specification_moodle.lnt:175: warning: useless assignment to g
specification_moodle.lnt:195: warning: useless assignment to g
specification_moodle.lnt:113: warning: useless assignment to ver
specification_moodle.lnt:112: warning: useless assignment to sst
specification_moodle.lnt:111: warning: useless assignment to st
specification_moodle.lnt:110: warning: useless assignment to g
specification_moodle.lnt:238: warning: useless assignment to ver
specification_moodle.lnt:230: warning: useless assignment to ver
specification_moodle.lnt:310: warning: useless assignment to s
specification_moodle.lnt:331: warning: useless assignment to s
specification_moodle.lnt:297: warning: useless assignment to shown
specification_moodle.lnt:295: warning: useless assignment to s
specification_moodle.lnt:293: warning: useless assignment to asn
specification_moodle.lnt:496: warning: useless assignment to qz
specification_moodle.lnt:496: warning: useless assignment to crs
specification_moodle.lnt:519: warning: useless assignment to sst
specification_moodle.lnt:519: warning: useless assignment to asn
specification_moodle.lnt:522: warning: useless assignment to ver
specification_moodle.lnt:522: warning: useless assignment to asn
specification_moodle.lnt:489: warning: useless assignment to sst
specification_moodle.lnt:488: warning: useless assignment to ver
specification_moodle.lnt:487: warning: useless assignment to asn
specification_moodle.lnt:485: warning: useless assignment to qz
specification_moodle.lnt:484: warning: useless assignment to crs
system_interface_moodle.lnt:239: warning: useless assignment to st
system_interface_moodle.lnt:352: warning: useless assignment to sst
system_interface_moodle.lnt:371: warning: useless assignment to ver
system_interface_moodle.lnt:398: warning: useless assignment to ver
system_interface_moodle.lnt:436: warning: useless assignment to ver
system_interface_moodle.lnt:103: warning: useless assignment to ver
system_interface_moodle.lnt:102: warning: useless assignment to sst
system_interface_moodle.lnt:101: warning: useless assignment to st

lnt.open: translating ``moodle_types.lnt'' to ``/tmp/paulad_lnt.open_PXVcE1/MOODLE_TYPES.lib'' ...

lnt.open: translating ``specification_moodle.lnt'' to ``/tmp/paulad_lnt.open_PXVcE1/SPECIFICATION_MOODLE.lib'' ...

lnt.open: translating ``system_interface_moodle.lnt'' to ``/tmp/paulad_lnt.open_PXVcE1/SYSTEM_INTERFACE_MOODLE.lib'' ...

lnt.open: translating ``compose_moodle.lnt'' to ``/tmp/paulad_lnt.open_PXVcE1/compose_moodle.lotos'' ...

lnt.open: calling lotos.open for ``compose_moodle.lotos'' ...
lotos.open: using ``/home/paulad/cadp/bin.x64/./testor.a''
lotos.open: calling ``caesar.adt -debug -silent compose_moodle''
cadp_indent: cannot find ``indent''
             file ``compose_moodle.h'' will not be formatted
lotos.open: calling ``caesar -main 'COMPOSED' -silent -open compose_moodle''
lotos.open: running ``testor -io moodle.io ./tp_happy.bcg ./tc_happy.bcg'' for ``compose_moodle.lotos''
  3. BCG -> AUT
  done: ./tc_happy.aut (46 transitions)
======================================================================
==> app1_write_fail
  1. tp -> BCG
moodle_types.lnt:269: warning: channel WriteAttemptChannel never employed
moodle_types.lnt:273: warning: channel StatusChannel never employed
moodle_types.lnt:277: warning: channel WriteSubmissionChannel never employed
moodle_types.lnt:284: warning: channel StatusWriteChannel never employed
moodle_types.lnt:288: warning: channel ContentWriteChannel never employed
moodle_types.lnt:423: warning: channel Ch_Navigate never employed
moodle_types.lnt:424: warning: channel Ch_TypeInto never employed
moodle_types.lnt:425: warning: channel Ch_Click never employed
moodle_types.lnt:426: warning: channel Ch_WaitFor never employed
moodle_types.lnt:427: warning: channel Ch_Observe never employed
moodle_types.lnt:390: warning: function L_grade never called
moodle_types.lnt:400: warning: function L_version never called
moodle_types.lnt:408: warning: function L_user never called
moodle_types.lnt:415: warning: function L_pass never called
moodle_types.lnt:38: warning: "with" function == of type CourseId never called
moodle_types.lnt:43: warning: "with" function == of type QuizId never called
moodle_types.lnt:52: warning: "with" function == of type AttemptId never called
moodle_types.lnt:57: warning: "with" function == of type AssignId never called
moodle_types.lnt:68: warning: "with" function == of type Grade never called
moodle_types.lnt:91: warning: "with" function == of type AttemptStatus never called
moodle_types.lnt:115: warning: "with" function == of type SubmissionStatus never called
moodle_types.lnt:142: warning: "with" function == of type Actor never called
moodle_types.lnt:161: warning: "with" function == of type SubmissionVersion never called
moodle_types.lnt:323: warning: "with" function == of type Route never called
moodle_types.lnt:374: warning: "with" function == of type Selector never called
moodle_types.lnt:386: warning: "with" function == of type ConcreteValue never called
tp_app1_write_fail.lnt:27: warning: event parameter ENROL never accessed
tp_app1_write_fail.lnt:30: warning: event parameter SAVE_ATTEMPT never accessed
tp_app1_write_fail.lnt:32: warning: event parameter GRADE_PERSISTED never accessed
tp_app1_write_fail.lnt:33: warning: event parameter ATTEMPT_STATE never accessed
tp_app1_write_fail.lnt:34: warning: event parameter VIEW_ASSIGN never accessed
tp_app1_write_fail.lnt:35: warning: event parameter SAVE_SUBMISSION never accessed
tp_app1_write_fail.lnt:36: warning: event parameter UPDATE_SUBMISSION never accessed
tp_app1_write_fail.lnt:37: warning: event parameter SUBMISSION_STATUS never accessed
tp_app1_write_fail.lnt:38: warning: event parameter SUBMISSION_TEXT never accessed
tp_app1_write_fail.lnt:39: warning: event parameter OPEN_GRADING never accessed
tp_app1_write_fail.lnt:40: warning: event parameter GRADING_SHOWS never accessed
tp_app1_write_fail.lnt:41: warning: event parameter GRADE_SUBMISSION never accessed
tp_app1_write_fail.lnt:42: warning: event parameter CONFIRMED_GRADE never accessed
tp_app1_write_fail.lnt:43: warning: event parameter VIEW_COURSE_TOTAL never accessed
tp_app1_write_fail.lnt:44: warning: event parameter COURSE_TOTAL never accessed
tp_app1_write_fail.lnt:48: warning: event parameter STALE_WARNING_SHOWN never accessed
tp_app1_write_fail.lnt:49: warning: event parameter SESSION_ERROR_SHOWN never accessed
tp_app1_write_fail.lnt:49: warning: event parameter CONN_ERROR_SHOWN never accessed
cadp_indent: cannot find ``indent''
             file ``tp_app1_write_fail.h'' will not be formatted
  2. COMPOSED x tp -> test case BCG

lnt.open: checking ``compose_moodle.lnt''
moodle_types.lnt:277: warning: channel WriteSubmissionChannel never employed
moodle_types.lnt:390: warning: function L_grade never called
moodle_types.lnt:400: warning: function L_version never called
moodle_types.lnt:38: warning: "with" function == of type CourseId never called
moodle_types.lnt:43: warning: "with" function == of type QuizId never called
moodle_types.lnt:52: warning: "with" function == of type AttemptId never called
moodle_types.lnt:57: warning: "with" function == of type AssignId never called
moodle_types.lnt:68: warning: "with" function == of type Grade never called
moodle_types.lnt:91: warning: "with" function == of type AttemptStatus never called
moodle_types.lnt:161: warning: "with" function == of type SubmissionVersion never called
moodle_types.lnt:323: warning: "with" function == of type Route never called
moodle_types.lnt:374: warning: "with" function == of type Selector never called
moodle_types.lnt:386: warning: "with" function == of type ConcreteValue never called
specification_moodle.lnt:126: warning: useless assignment to g
specification_moodle.lnt:139: warning: useless assignment to st
specification_moodle.lnt:151: warning: useless assignment to ver
specification_moodle.lnt:150: warning: useless assignment to sst
specification_moodle.lnt:148: warning: useless assignment to ver
specification_moodle.lnt:147: warning: useless assignment to sst
specification_moodle.lnt:171: warning: useless assignment to sst
specification_moodle.lnt:173: warning: useless assignment to ver
specification_moodle.lnt:175: warning: useless assignment to ver
specification_moodle.lnt:175: warning: useless assignment to g
specification_moodle.lnt:195: warning: useless assignment to g
specification_moodle.lnt:113: warning: useless assignment to ver
specification_moodle.lnt:112: warning: useless assignment to sst
specification_moodle.lnt:111: warning: useless assignment to st
specification_moodle.lnt:110: warning: useless assignment to g
specification_moodle.lnt:238: warning: useless assignment to ver
specification_moodle.lnt:230: warning: useless assignment to ver
specification_moodle.lnt:310: warning: useless assignment to s
specification_moodle.lnt:331: warning: useless assignment to s
specification_moodle.lnt:297: warning: useless assignment to shown
specification_moodle.lnt:295: warning: useless assignment to s
specification_moodle.lnt:293: warning: useless assignment to asn
specification_moodle.lnt:496: warning: useless assignment to qz
specification_moodle.lnt:496: warning: useless assignment to crs
specification_moodle.lnt:519: warning: useless assignment to sst
specification_moodle.lnt:519: warning: useless assignment to asn
specification_moodle.lnt:522: warning: useless assignment to ver
specification_moodle.lnt:522: warning: useless assignment to asn
specification_moodle.lnt:489: warning: useless assignment to sst
specification_moodle.lnt:488: warning: useless assignment to ver
specification_moodle.lnt:487: warning: useless assignment to asn
specification_moodle.lnt:485: warning: useless assignment to qz
specification_moodle.lnt:484: warning: useless assignment to crs
system_interface_moodle.lnt:239: warning: useless assignment to st
system_interface_moodle.lnt:352: warning: useless assignment to sst
system_interface_moodle.lnt:371: warning: useless assignment to ver
system_interface_moodle.lnt:398: warning: useless assignment to ver
system_interface_moodle.lnt:436: warning: useless assignment to ver
system_interface_moodle.lnt:103: warning: useless assignment to ver
system_interface_moodle.lnt:102: warning: useless assignment to sst
system_interface_moodle.lnt:101: warning: useless assignment to st

lnt.open: translating ``moodle_types.lnt'' to ``/tmp/paulad_lnt.open_UClUO3/MOODLE_TYPES.lib'' ...

lnt.open: translating ``specification_moodle.lnt'' to ``/tmp/paulad_lnt.open_UClUO3/SPECIFICATION_MOODLE.lib'' ...

lnt.open: translating ``system_interface_moodle.lnt'' to ``/tmp/paulad_lnt.open_UClUO3/SYSTEM_INTERFACE_MOODLE.lib'' ...

lnt.open: translating ``compose_moodle.lnt'' to ``/tmp/paulad_lnt.open_UClUO3/compose_moodle.lotos'' ...

lnt.open: calling lotos.open for ``compose_moodle.lotos'' ...
lotos.open: using ``/home/paulad/cadp/bin.x64/./testor.a''
lotos.open: calling ``caesar.adt -debug -silent compose_moodle''
cadp_indent: cannot find ``indent''
             file ``compose_moodle.h'' will not be formatted
lotos.open: calling ``caesar -main 'COMPOSED' -silent -open compose_moodle''
lotos.open: running ``testor -io moodle.io ./tp_app1_write_fail.bcg ./tc_app1_write_fail.bcg'' for ``compose_moodle.lotos''
  3. BCG -> AUT
  done: ./tc_app1_write_fail.aut (909 transitions)
======================================================================
==> app_partial_submission
  1. tp -> BCG
moodle_types.lnt:269: warning: channel WriteAttemptChannel never employed
moodle_types.lnt:273: warning: channel StatusChannel never employed
moodle_types.lnt:277: warning: channel WriteSubmissionChannel never employed
moodle_types.lnt:284: warning: channel StatusWriteChannel never employed
moodle_types.lnt:288: warning: channel ContentWriteChannel never employed
moodle_types.lnt:423: warning: channel Ch_Navigate never employed
moodle_types.lnt:424: warning: channel Ch_TypeInto never employed
moodle_types.lnt:425: warning: channel Ch_Click never employed
moodle_types.lnt:426: warning: channel Ch_WaitFor never employed
moodle_types.lnt:427: warning: channel Ch_Observe never employed
moodle_types.lnt:390: warning: function L_grade never called
moodle_types.lnt:400: warning: function L_version never called
moodle_types.lnt:408: warning: function L_user never called
moodle_types.lnt:415: warning: function L_pass never called
moodle_types.lnt:38: warning: "with" function == of type CourseId never called
moodle_types.lnt:43: warning: "with" function == of type QuizId never called
moodle_types.lnt:52: warning: "with" function == of type AttemptId never called
moodle_types.lnt:57: warning: "with" function == of type AssignId never called
moodle_types.lnt:68: warning: "with" function == of type Grade never called
moodle_types.lnt:91: warning: "with" function == of type AttemptStatus never called
moodle_types.lnt:115: warning: "with" function == of type SubmissionStatus never called
moodle_types.lnt:142: warning: "with" function == of type Actor never called
moodle_types.lnt:161: warning: "with" function == of type SubmissionVersion never called
moodle_types.lnt:323: warning: "with" function == of type Route never called
moodle_types.lnt:374: warning: "with" function == of type Selector never called
moodle_types.lnt:386: warning: "with" function == of type ConcreteValue never called
tp_app_partial_submission.lnt:47: warning: event parameter ENROL never accessed
tp_app_partial_submission.lnt:48: warning: event parameter VIEW_QUIZ never accessed
tp_app_partial_submission.lnt:49: warning: event parameter START_ATTEMPT never accessed
tp_app_partial_submission.lnt:50: warning: event parameter SAVE_ATTEMPT never accessed
tp_app_partial_submission.lnt:51: warning: event parameter PROCESS_ATTEMPT never accessed
tp_app_partial_submission.lnt:52: warning: event parameter GRADE_PERSISTED never accessed
tp_app_partial_submission.lnt:53: warning: event parameter ATTEMPT_STATE never accessed
tp_app_partial_submission.lnt:54: warning: event parameter VIEW_ASSIGN never accessed
tp_app_partial_submission.lnt:56: warning: event parameter UPDATE_SUBMISSION never accessed
tp_app_partial_submission.lnt:58: warning: event parameter SUBMISSION_TEXT never accessed
tp_app_partial_submission.lnt:59: warning: event parameter OPEN_GRADING never accessed
tp_app_partial_submission.lnt:60: warning: event parameter GRADING_SHOWS never accessed
tp_app_partial_submission.lnt:61: warning: event parameter GRADE_SUBMISSION never accessed
tp_app_partial_submission.lnt:62: warning: event parameter CONFIRMED_GRADE never accessed
tp_app_partial_submission.lnt:63: warning: event parameter VIEW_COURSE_TOTAL never accessed
tp_app_partial_submission.lnt:64: warning: event parameter COURSE_TOTAL never accessed
tp_app_partial_submission.lnt:68: warning: event parameter WRITE_ERROR_SHOWN never accessed
tp_app_partial_submission.lnt:68: warning: event parameter STALE_WARNING_SHOWN never accessed
tp_app_partial_submission.lnt:69: warning: event parameter SESSION_ERROR_SHOWN never accessed
tp_app_partial_submission.lnt:69: warning: event parameter CONN_ERROR_SHOWN never accessed
cadp_indent: cannot find ``indent''
             file ``tp_app_partial_submission.h'' will not be formatted
  2. COMPOSED x tp -> test case BCG

lnt.open: checking ``compose_moodle.lnt''
moodle_types.lnt:277: warning: channel WriteSubmissionChannel never employed
moodle_types.lnt:390: warning: function L_grade never called
moodle_types.lnt:400: warning: function L_version never called
moodle_types.lnt:38: warning: "with" function == of type CourseId never called
moodle_types.lnt:43: warning: "with" function == of type QuizId never called
moodle_types.lnt:52: warning: "with" function == of type AttemptId never called
moodle_types.lnt:57: warning: "with" function == of type AssignId never called
moodle_types.lnt:68: warning: "with" function == of type Grade never called
moodle_types.lnt:91: warning: "with" function == of type AttemptStatus never called
moodle_types.lnt:161: warning: "with" function == of type SubmissionVersion never called
moodle_types.lnt:323: warning: "with" function == of type Route never called
moodle_types.lnt:374: warning: "with" function == of type Selector never called
moodle_types.lnt:386: warning: "with" function == of type ConcreteValue never called
specification_moodle.lnt:126: warning: useless assignment to g
specification_moodle.lnt:139: warning: useless assignment to st
specification_moodle.lnt:151: warning: useless assignment to ver
specification_moodle.lnt:150: warning: useless assignment to sst
specification_moodle.lnt:148: warning: useless assignment to ver
specification_moodle.lnt:147: warning: useless assignment to sst
specification_moodle.lnt:171: warning: useless assignment to sst
specification_moodle.lnt:173: warning: useless assignment to ver
specification_moodle.lnt:175: warning: useless assignment to ver
specification_moodle.lnt:175: warning: useless assignment to g
specification_moodle.lnt:195: warning: useless assignment to g
specification_moodle.lnt:113: warning: useless assignment to ver
specification_moodle.lnt:112: warning: useless assignment to sst
specification_moodle.lnt:111: warning: useless assignment to st
specification_moodle.lnt:110: warning: useless assignment to g
specification_moodle.lnt:238: warning: useless assignment to ver
specification_moodle.lnt:230: warning: useless assignment to ver
specification_moodle.lnt:310: warning: useless assignment to s
specification_moodle.lnt:331: warning: useless assignment to s
specification_moodle.lnt:297: warning: useless assignment to shown
specification_moodle.lnt:295: warning: useless assignment to s
specification_moodle.lnt:293: warning: useless assignment to asn
specification_moodle.lnt:496: warning: useless assignment to qz
specification_moodle.lnt:496: warning: useless assignment to crs
specification_moodle.lnt:519: warning: useless assignment to sst
specification_moodle.lnt:519: warning: useless assignment to asn
specification_moodle.lnt:522: warning: useless assignment to ver
specification_moodle.lnt:522: warning: useless assignment to asn
specification_moodle.lnt:489: warning: useless assignment to sst
specification_moodle.lnt:488: warning: useless assignment to ver
specification_moodle.lnt:487: warning: useless assignment to asn
specification_moodle.lnt:485: warning: useless assignment to qz
specification_moodle.lnt:484: warning: useless assignment to crs
system_interface_moodle.lnt:239: warning: useless assignment to st
system_interface_moodle.lnt:352: warning: useless assignment to sst
system_interface_moodle.lnt:371: warning: useless assignment to ver
system_interface_moodle.lnt:398: warning: useless assignment to ver
system_interface_moodle.lnt:436: warning: useless assignment to ver
system_interface_moodle.lnt:103: warning: useless assignment to ver
system_interface_moodle.lnt:102: warning: useless assignment to sst
system_interface_moodle.lnt:101: warning: useless assignment to st

lnt.open: translating ``moodle_types.lnt'' to ``/tmp/paulad_lnt.open_k9YiNj/MOODLE_TYPES.lib'' ...

lnt.open: translating ``specification_moodle.lnt'' to ``/tmp/paulad_lnt.open_k9YiNj/SPECIFICATION_MOODLE.lib'' ...

lnt.open: translating ``system_interface_moodle.lnt'' to ``/tmp/paulad_lnt.open_k9YiNj/SYSTEM_INTERFACE_MOODLE.lib'' ...

lnt.open: translating ``compose_moodle.lnt'' to ``/tmp/paulad_lnt.open_k9YiNj/compose_moodle.lotos'' ...

lnt.open: calling lotos.open for ``compose_moodle.lotos'' ...
lotos.open: using ``/home/paulad/cadp/bin.x64/./testor.a''
lotos.open: calling ``caesar.adt -debug -silent compose_moodle''
cadp_indent: cannot find ``indent''
             file ``compose_moodle.h'' will not be formatted
lotos.open: calling ``caesar -main 'COMPOSED' -silent -open compose_moodle''
lotos.open: running ``testor -io moodle.io ./tp_app_partial_submission.bcg ./tc_app_partial_submission.bcg'' for ``compose_moodle.lotos''
  3. BCG -> AUT
  done: ./tc_app_partial_submission.aut (74 transitions)
======================================================================
==> app_grade_stale_sub
  1. tp -> BCG
moodle_types.lnt:269: warning: channel WriteAttemptChannel never employed
moodle_types.lnt:273: warning: channel StatusChannel never employed
moodle_types.lnt:277: warning: channel WriteSubmissionChannel never employed
moodle_types.lnt:284: warning: channel StatusWriteChannel never employed
moodle_types.lnt:288: warning: channel ContentWriteChannel never employed
moodle_types.lnt:423: warning: channel Ch_Navigate never employed
moodle_types.lnt:424: warning: channel Ch_TypeInto never employed
moodle_types.lnt:425: warning: channel Ch_Click never employed
moodle_types.lnt:426: warning: channel Ch_WaitFor never employed
moodle_types.lnt:427: warning: channel Ch_Observe never employed
moodle_types.lnt:390: warning: function L_grade never called
moodle_types.lnt:400: warning: function L_version never called
moodle_types.lnt:408: warning: function L_user never called
moodle_types.lnt:415: warning: function L_pass never called
moodle_types.lnt:38: warning: "with" function == of type CourseId never called
moodle_types.lnt:43: warning: "with" function == of type QuizId never called
moodle_types.lnt:52: warning: "with" function == of type AttemptId never called
moodle_types.lnt:57: warning: "with" function == of type AssignId never called
moodle_types.lnt:68: warning: "with" function == of type Grade never called
moodle_types.lnt:91: warning: "with" function == of type AttemptStatus never called
moodle_types.lnt:115: warning: "with" function == of type SubmissionStatus never called
moodle_types.lnt:142: warning: "with" function == of type Actor never called
moodle_types.lnt:161: warning: "with" function == of type SubmissionVersion never called
moodle_types.lnt:323: warning: "with" function == of type Route never called
moodle_types.lnt:374: warning: "with" function == of type Selector never called
moodle_types.lnt:386: warning: "with" function == of type ConcreteValue never called
tp_app_grade_stale_sub.lnt:29: warning: event parameter ENROL never accessed
tp_app_grade_stale_sub.lnt:30: warning: event parameter VIEW_QUIZ never accessed
tp_app_grade_stale_sub.lnt:31: warning: event parameter START_ATTEMPT never accessed
tp_app_grade_stale_sub.lnt:32: warning: event parameter SAVE_ATTEMPT never accessed
tp_app_grade_stale_sub.lnt:33: warning: event parameter PROCESS_ATTEMPT never accessed
tp_app_grade_stale_sub.lnt:34: warning: event parameter GRADE_PERSISTED never accessed
tp_app_grade_stale_sub.lnt:35: warning: event parameter ATTEMPT_STATE never accessed
tp_app_grade_stale_sub.lnt:36: warning: event parameter VIEW_ASSIGN never accessed
tp_app_grade_stale_sub.lnt:37: warning: event parameter SAVE_SUBMISSION never accessed
tp_app_grade_stale_sub.lnt:38: warning: event parameter UPDATE_SUBMISSION never accessed
tp_app_grade_stale_sub.lnt:39: warning: event parameter SUBMISSION_STATUS never accessed
tp_app_grade_stale_sub.lnt:40: warning: event parameter SUBMISSION_TEXT never accessed
tp_app_grade_stale_sub.lnt:45: warning: event parameter VIEW_COURSE_TOTAL never accessed
tp_app_grade_stale_sub.lnt:46: warning: event parameter COURSE_TOTAL never accessed
tp_app_grade_stale_sub.lnt:50: warning: event parameter WRITE_ERROR_SHOWN never accessed
tp_app_grade_stale_sub.lnt:50: warning: event parameter STALE_WARNING_SHOWN never accessed
tp_app_grade_stale_sub.lnt:51: warning: event parameter SESSION_ERROR_SHOWN never accessed
tp_app_grade_stale_sub.lnt:51: warning: event parameter CONN_ERROR_SHOWN never accessed
cadp_indent: cannot find ``indent''
             file ``tp_app_grade_stale_sub.h'' will not be formatted
  2. COMPOSED x tp -> test case BCG

lnt.open: checking ``compose_moodle.lnt''
moodle_types.lnt:277: warning: channel WriteSubmissionChannel never employed
moodle_types.lnt:390: warning: function L_grade never called
moodle_types.lnt:400: warning: function L_version never called
moodle_types.lnt:38: warning: "with" function == of type CourseId never called
moodle_types.lnt:43: warning: "with" function == of type QuizId never called
moodle_types.lnt:52: warning: "with" function == of type AttemptId never called
moodle_types.lnt:57: warning: "with" function == of type AssignId never called
moodle_types.lnt:68: warning: "with" function == of type Grade never called
moodle_types.lnt:91: warning: "with" function == of type AttemptStatus never called
moodle_types.lnt:161: warning: "with" function == of type SubmissionVersion never called
moodle_types.lnt:323: warning: "with" function == of type Route never called
moodle_types.lnt:374: warning: "with" function == of type Selector never called
moodle_types.lnt:386: warning: "with" function == of type ConcreteValue never called
specification_moodle.lnt:126: warning: useless assignment to g
specification_moodle.lnt:139: warning: useless assignment to st
specification_moodle.lnt:151: warning: useless assignment to ver
specification_moodle.lnt:150: warning: useless assignment to sst
specification_moodle.lnt:148: warning: useless assignment to ver
specification_moodle.lnt:147: warning: useless assignment to sst
specification_moodle.lnt:171: warning: useless assignment to sst
specification_moodle.lnt:173: warning: useless assignment to ver
specification_moodle.lnt:175: warning: useless assignment to ver
specification_moodle.lnt:175: warning: useless assignment to g
specification_moodle.lnt:195: warning: useless assignment to g
specification_moodle.lnt:113: warning: useless assignment to ver
specification_moodle.lnt:112: warning: useless assignment to sst
specification_moodle.lnt:111: warning: useless assignment to st
specification_moodle.lnt:110: warning: useless assignment to g
specification_moodle.lnt:238: warning: useless assignment to ver
specification_moodle.lnt:230: warning: useless assignment to ver
specification_moodle.lnt:310: warning: useless assignment to s
specification_moodle.lnt:331: warning: useless assignment to s
specification_moodle.lnt:297: warning: useless assignment to shown
specification_moodle.lnt:295: warning: useless assignment to s
specification_moodle.lnt:293: warning: useless assignment to asn
specification_moodle.lnt:496: warning: useless assignment to qz
specification_moodle.lnt:496: warning: useless assignment to crs
specification_moodle.lnt:519: warning: useless assignment to sst
specification_moodle.lnt:519: warning: useless assignment to asn
specification_moodle.lnt:522: warning: useless assignment to ver
specification_moodle.lnt:522: warning: useless assignment to asn
specification_moodle.lnt:489: warning: useless assignment to sst
specification_moodle.lnt:488: warning: useless assignment to ver
specification_moodle.lnt:487: warning: useless assignment to asn
specification_moodle.lnt:485: warning: useless assignment to qz
specification_moodle.lnt:484: warning: useless assignment to crs
system_interface_moodle.lnt:239: warning: useless assignment to st
system_interface_moodle.lnt:352: warning: useless assignment to sst
system_interface_moodle.lnt:371: warning: useless assignment to ver
system_interface_moodle.lnt:398: warning: useless assignment to ver
system_interface_moodle.lnt:436: warning: useless assignment to ver
system_interface_moodle.lnt:103: warning: useless assignment to ver
system_interface_moodle.lnt:102: warning: useless assignment to sst
system_interface_moodle.lnt:101: warning: useless assignment to st

lnt.open: translating ``moodle_types.lnt'' to ``/tmp/paulad_lnt.open_gD73QP/MOODLE_TYPES.lib'' ...

lnt.open: translating ``specification_moodle.lnt'' to ``/tmp/paulad_lnt.open_gD73QP/SPECIFICATION_MOODLE.lib'' ...

lnt.open: translating ``system_interface_moodle.lnt'' to ``/tmp/paulad_lnt.open_gD73QP/SYSTEM_INTERFACE_MOODLE.lib'' ...

lnt.open: translating ``compose_moodle.lnt'' to ``/tmp/paulad_lnt.open_gD73QP/compose_moodle.lotos'' ...

lnt.open: calling lotos.open for ``compose_moodle.lotos'' ...
lotos.open: using ``/home/paulad/cadp/bin.x64/./testor.a''
lotos.open: calling ``caesar.adt -debug -silent compose_moodle''
cadp_indent: cannot find ``indent''
             file ``compose_moodle.h'' will not be formatted
lotos.open: calling ``caesar -main 'COMPOSED' -silent -open compose_moodle''
lotos.open: running ``testor -io moodle.io ./tp_app_grade_stale_sub.bcg ./tc_app_grade_stale_sub.bcg'' for ``compose_moodle.lotos''
  3. BCG -> AUT
  done: ./tc_app_grade_stale_sub.aut (856 transitions)
======================================================================
==> app_lazy_regrade
  1. tp -> BCG
moodle_types.lnt:269: warning: channel WriteAttemptChannel never employed
moodle_types.lnt:273: warning: channel StatusChannel never employed
moodle_types.lnt:277: warning: channel WriteSubmissionChannel never employed
moodle_types.lnt:284: warning: channel StatusWriteChannel never employed
moodle_types.lnt:288: warning: channel ContentWriteChannel never employed
moodle_types.lnt:423: warning: channel Ch_Navigate never employed
moodle_types.lnt:424: warning: channel Ch_TypeInto never employed
moodle_types.lnt:425: warning: channel Ch_Click never employed
moodle_types.lnt:426: warning: channel Ch_WaitFor never employed
moodle_types.lnt:427: warning: channel Ch_Observe never employed
moodle_types.lnt:390: warning: function L_grade never called
moodle_types.lnt:400: warning: function L_version never called
moodle_types.lnt:408: warning: function L_user never called
moodle_types.lnt:415: warning: function L_pass never called
moodle_types.lnt:38: warning: "with" function == of type CourseId never called
moodle_types.lnt:43: warning: "with" function == of type QuizId never called
moodle_types.lnt:52: warning: "with" function == of type AttemptId never called
moodle_types.lnt:57: warning: "with" function == of type AssignId never called
moodle_types.lnt:68: warning: "with" function == of type Grade never called
moodle_types.lnt:91: warning: "with" function == of type AttemptStatus never called
moodle_types.lnt:115: warning: "with" function == of type SubmissionStatus never called
moodle_types.lnt:142: warning: "with" function == of type Actor never called
moodle_types.lnt:161: warning: "with" function == of type SubmissionVersion never called
moodle_types.lnt:323: warning: "with" function == of type Route never called
moodle_types.lnt:374: warning: "with" function == of type Selector never called
moodle_types.lnt:386: warning: "with" function == of type ConcreteValue never called
tp_app_lazy_regrade.lnt:27: warning: event parameter ENROL never accessed
tp_app_lazy_regrade.lnt:28: warning: event parameter VIEW_QUIZ never accessed
tp_app_lazy_regrade.lnt:29: warning: event parameter START_ATTEMPT never accessed
tp_app_lazy_regrade.lnt:30: warning: event parameter SAVE_ATTEMPT never accessed
tp_app_lazy_regrade.lnt:31: warning: event parameter PROCESS_ATTEMPT never accessed
tp_app_lazy_regrade.lnt:33: warning: event parameter ATTEMPT_STATE never accessed
tp_app_lazy_regrade.lnt:34: warning: event parameter VIEW_ASSIGN never accessed
tp_app_lazy_regrade.lnt:35: warning: event parameter SAVE_SUBMISSION never accessed
tp_app_lazy_regrade.lnt:36: warning: event parameter UPDATE_SUBMISSION never accessed
tp_app_lazy_regrade.lnt:37: warning: event parameter SUBMISSION_STATUS never accessed
tp_app_lazy_regrade.lnt:38: warning: event parameter SUBMISSION_TEXT never accessed
tp_app_lazy_regrade.lnt:39: warning: event parameter OPEN_GRADING never accessed
tp_app_lazy_regrade.lnt:40: warning: event parameter GRADING_SHOWS never accessed
tp_app_lazy_regrade.lnt:41: warning: event parameter GRADE_SUBMISSION never accessed
tp_app_lazy_regrade.lnt:42: warning: event parameter CONFIRMED_GRADE never accessed
tp_app_lazy_regrade.lnt:48: warning: event parameter WRITE_ERROR_SHOWN never accessed
tp_app_lazy_regrade.lnt:48: warning: event parameter STALE_WARNING_SHOWN never accessed
tp_app_lazy_regrade.lnt:49: warning: event parameter SESSION_ERROR_SHOWN never accessed
tp_app_lazy_regrade.lnt:49: warning: event parameter CONN_ERROR_SHOWN never accessed
cadp_indent: cannot find ``indent''
             file ``tp_app_lazy_regrade.h'' will not be formatted
  2. COMPOSED x tp -> test case BCG

lnt.open: checking ``compose_moodle.lnt''
moodle_types.lnt:277: warning: channel WriteSubmissionChannel never employed
moodle_types.lnt:390: warning: function L_grade never called
moodle_types.lnt:400: warning: function L_version never called
moodle_types.lnt:38: warning: "with" function == of type CourseId never called
moodle_types.lnt:43: warning: "with" function == of type QuizId never called
moodle_types.lnt:52: warning: "with" function == of type AttemptId never called
moodle_types.lnt:57: warning: "with" function == of type AssignId never called
moodle_types.lnt:68: warning: "with" function == of type Grade never called
moodle_types.lnt:91: warning: "with" function == of type AttemptStatus never called
moodle_types.lnt:161: warning: "with" function == of type SubmissionVersion never called
moodle_types.lnt:323: warning: "with" function == of type Route never called
moodle_types.lnt:374: warning: "with" function == of type Selector never called
moodle_types.lnt:386: warning: "with" function == of type ConcreteValue never called
specification_moodle.lnt:126: warning: useless assignment to g
specification_moodle.lnt:139: warning: useless assignment to st
specification_moodle.lnt:151: warning: useless assignment to ver
specification_moodle.lnt:150: warning: useless assignment to sst
specification_moodle.lnt:148: warning: useless assignment to ver
specification_moodle.lnt:147: warning: useless assignment to sst
specification_moodle.lnt:171: warning: useless assignment to sst
specification_moodle.lnt:173: warning: useless assignment to ver
specification_moodle.lnt:175: warning: useless assignment to ver
specification_moodle.lnt:175: warning: useless assignment to g
specification_moodle.lnt:195: warning: useless assignment to g
specification_moodle.lnt:113: warning: useless assignment to ver
specification_moodle.lnt:112: warning: useless assignment to sst
specification_moodle.lnt:111: warning: useless assignment to st
specification_moodle.lnt:110: warning: useless assignment to g
specification_moodle.lnt:238: warning: useless assignment to ver
specification_moodle.lnt:230: warning: useless assignment to ver
specification_moodle.lnt:310: warning: useless assignment to s
specification_moodle.lnt:331: warning: useless assignment to s
specification_moodle.lnt:297: warning: useless assignment to shown
specification_moodle.lnt:295: warning: useless assignment to s
specification_moodle.lnt:293: warning: useless assignment to asn
specification_moodle.lnt:496: warning: useless assignment to qz
specification_moodle.lnt:496: warning: useless assignment to crs
specification_moodle.lnt:519: warning: useless assignment to sst
specification_moodle.lnt:519: warning: useless assignment to asn
specification_moodle.lnt:522: warning: useless assignment to ver
specification_moodle.lnt:522: warning: useless assignment to asn
specification_moodle.lnt:489: warning: useless assignment to sst
specification_moodle.lnt:488: warning: useless assignment to ver
specification_moodle.lnt:487: warning: useless assignment to asn
specification_moodle.lnt:485: warning: useless assignment to qz
specification_moodle.lnt:484: warning: useless assignment to crs
system_interface_moodle.lnt:239: warning: useless assignment to st
system_interface_moodle.lnt:352: warning: useless assignment to sst
system_interface_moodle.lnt:371: warning: useless assignment to ver
system_interface_moodle.lnt:398: warning: useless assignment to ver
system_interface_moodle.lnt:436: warning: useless assignment to ver
system_interface_moodle.lnt:103: warning: useless assignment to ver
system_interface_moodle.lnt:102: warning: useless assignment to sst
system_interface_moodle.lnt:101: warning: useless assignment to st

lnt.open: translating ``moodle_types.lnt'' to ``/tmp/paulad_lnt.open_n5LYOe/MOODLE_TYPES.lib'' ...

lnt.open: translating ``specification_moodle.lnt'' to ``/tmp/paulad_lnt.open_n5LYOe/SPECIFICATION_MOODLE.lib'' ...

lnt.open: translating ``system_interface_moodle.lnt'' to ``/tmp/paulad_lnt.open_n5LYOe/SYSTEM_INTERFACE_MOODLE.lib'' ...

lnt.open: translating ``compose_moodle.lnt'' to ``/tmp/paulad_lnt.open_n5LYOe/compose_moodle.lotos'' ...

lnt.open: calling lotos.open for ``compose_moodle.lotos'' ...
lotos.open: using ``/home/paulad/cadp/bin.x64/./testor.a''
lotos.open: calling ``caesar.adt -debug -silent compose_moodle''
cadp_indent: cannot find ``indent''
             file ``compose_moodle.h'' will not be formatted
lotos.open: calling ``caesar -main 'COMPOSED' -silent -open compose_moodle''
lotos.open: running ``testor -io moodle.io ./tp_app_lazy_regrade.bcg ./tc_app_lazy_regrade.bcg'' for ``compose_moodle.lotos''
  3. BCG -> AUT
  done: ./tc_app_lazy_regrade.aut (1567 transitions)
======================================================================
==> db_attempt_step_loss
  1. tp -> BCG
moodle_types.lnt:269: warning: channel WriteAttemptChannel never employed
moodle_types.lnt:273: warning: channel StatusChannel never employed
moodle_types.lnt:277: warning: channel WriteSubmissionChannel never employed
moodle_types.lnt:284: warning: channel StatusWriteChannel never employed
moodle_types.lnt:288: warning: channel ContentWriteChannel never employed
moodle_types.lnt:423: warning: channel Ch_Navigate never employed
moodle_types.lnt:424: warning: channel Ch_TypeInto never employed
moodle_types.lnt:425: warning: channel Ch_Click never employed
moodle_types.lnt:426: warning: channel Ch_WaitFor never employed
moodle_types.lnt:427: warning: channel Ch_Observe never employed
moodle_types.lnt:390: warning: function L_grade never called
moodle_types.lnt:400: warning: function L_version never called
moodle_types.lnt:408: warning: function L_user never called
moodle_types.lnt:415: warning: function L_pass never called
moodle_types.lnt:38: warning: "with" function == of type CourseId never called
moodle_types.lnt:43: warning: "with" function == of type QuizId never called
moodle_types.lnt:52: warning: "with" function == of type AttemptId never called
moodle_types.lnt:57: warning: "with" function == of type AssignId never called
moodle_types.lnt:68: warning: "with" function == of type Grade never called
moodle_types.lnt:91: warning: "with" function == of type AttemptStatus never called
moodle_types.lnt:115: warning: "with" function == of type SubmissionStatus never called
moodle_types.lnt:142: warning: "with" function == of type Actor never called
moodle_types.lnt:161: warning: "with" function == of type SubmissionVersion never called
moodle_types.lnt:323: warning: "with" function == of type Route never called
moodle_types.lnt:374: warning: "with" function == of type Selector never called
moodle_types.lnt:386: warning: "with" function == of type ConcreteValue never called
tp_db_attempt_step_loss.lnt:29: warning: event parameter ENROL never accessed
tp_db_attempt_step_loss.lnt:30: warning: event parameter VIEW_QUIZ never accessed
tp_db_attempt_step_loss.lnt:32: warning: event parameter SAVE_ATTEMPT never accessed
tp_db_attempt_step_loss.lnt:34: warning: event parameter GRADE_PERSISTED never accessed
tp_db_attempt_step_loss.lnt:35: warning: event parameter ATTEMPT_STATE never accessed
tp_db_attempt_step_loss.lnt:36: warning: event parameter VIEW_ASSIGN never accessed
tp_db_attempt_step_loss.lnt:37: warning: event parameter SAVE_SUBMISSION never accessed
tp_db_attempt_step_loss.lnt:38: warning: event parameter UPDATE_SUBMISSION never accessed
tp_db_attempt_step_loss.lnt:39: warning: event parameter SUBMISSION_STATUS never accessed
tp_db_attempt_step_loss.lnt:40: warning: event parameter SUBMISSION_TEXT never accessed
tp_db_attempt_step_loss.lnt:41: warning: event parameter OPEN_GRADING never accessed
tp_db_attempt_step_loss.lnt:42: warning: event parameter GRADING_SHOWS never accessed
tp_db_attempt_step_loss.lnt:43: warning: event parameter GRADE_SUBMISSION never accessed
tp_db_attempt_step_loss.lnt:44: warning: event parameter CONFIRMED_GRADE never accessed
tp_db_attempt_step_loss.lnt:45: warning: event parameter VIEW_COURSE_TOTAL never accessed
tp_db_attempt_step_loss.lnt:46: warning: event parameter COURSE_TOTAL never accessed
tp_db_attempt_step_loss.lnt:50: warning: event parameter STALE_WARNING_SHOWN never accessed
tp_db_attempt_step_loss.lnt:51: warning: event parameter SESSION_ERROR_SHOWN never accessed
tp_db_attempt_step_loss.lnt:51: warning: event parameter CONN_ERROR_SHOWN never accessed
cadp_indent: cannot find ``indent''
             file ``tp_db_attempt_step_loss.h'' will not be formatted
  2. COMPOSED x tp -> test case BCG

lnt.open: checking ``compose_moodle.lnt''
moodle_types.lnt:277: warning: channel WriteSubmissionChannel never employed
moodle_types.lnt:390: warning: function L_grade never called
moodle_types.lnt:400: warning: function L_version never called
moodle_types.lnt:38: warning: "with" function == of type CourseId never called
moodle_types.lnt:43: warning: "with" function == of type QuizId never called
moodle_types.lnt:52: warning: "with" function == of type AttemptId never called
moodle_types.lnt:57: warning: "with" function == of type AssignId never called
moodle_types.lnt:68: warning: "with" function == of type Grade never called
moodle_types.lnt:91: warning: "with" function == of type AttemptStatus never called
moodle_types.lnt:161: warning: "with" function == of type SubmissionVersion never called
moodle_types.lnt:323: warning: "with" function == of type Route never called
moodle_types.lnt:374: warning: "with" function == of type Selector never called
moodle_types.lnt:386: warning: "with" function == of type ConcreteValue never called
specification_moodle.lnt:126: warning: useless assignment to g
specification_moodle.lnt:139: warning: useless assignment to st
specification_moodle.lnt:151: warning: useless assignment to ver
specification_moodle.lnt:150: warning: useless assignment to sst
specification_moodle.lnt:148: warning: useless assignment to ver
specification_moodle.lnt:147: warning: useless assignment to sst
specification_moodle.lnt:171: warning: useless assignment to sst
specification_moodle.lnt:173: warning: useless assignment to ver
specification_moodle.lnt:175: warning: useless assignment to ver
specification_moodle.lnt:175: warning: useless assignment to g
specification_moodle.lnt:195: warning: useless assignment to g
specification_moodle.lnt:113: warning: useless assignment to ver
specification_moodle.lnt:112: warning: useless assignment to sst
specification_moodle.lnt:111: warning: useless assignment to st
specification_moodle.lnt:110: warning: useless assignment to g
specification_moodle.lnt:238: warning: useless assignment to ver
specification_moodle.lnt:230: warning: useless assignment to ver
specification_moodle.lnt:310: warning: useless assignment to s
specification_moodle.lnt:331: warning: useless assignment to s
specification_moodle.lnt:297: warning: useless assignment to shown
specification_moodle.lnt:295: warning: useless assignment to s
specification_moodle.lnt:293: warning: useless assignment to asn
specification_moodle.lnt:496: warning: useless assignment to qz
specification_moodle.lnt:496: warning: useless assignment to crs
specification_moodle.lnt:519: warning: useless assignment to sst
specification_moodle.lnt:519: warning: useless assignment to asn
specification_moodle.lnt:522: warning: useless assignment to ver
specification_moodle.lnt:522: warning: useless assignment to asn
specification_moodle.lnt:489: warning: useless assignment to sst
specification_moodle.lnt:488: warning: useless assignment to ver
specification_moodle.lnt:487: warning: useless assignment to asn
specification_moodle.lnt:485: warning: useless assignment to qz
specification_moodle.lnt:484: warning: useless assignment to crs
system_interface_moodle.lnt:239: warning: useless assignment to st
system_interface_moodle.lnt:352: warning: useless assignment to sst
system_interface_moodle.lnt:371: warning: useless assignment to ver
system_interface_moodle.lnt:398: warning: useless assignment to ver
system_interface_moodle.lnt:436: warning: useless assignment to ver
system_interface_moodle.lnt:103: warning: useless assignment to ver
system_interface_moodle.lnt:102: warning: useless assignment to sst
system_interface_moodle.lnt:101: warning: useless assignment to st

lnt.open: translating ``moodle_types.lnt'' to ``/tmp/paulad_lnt.open_ZZan2j/MOODLE_TYPES.lib'' ...

lnt.open: translating ``specification_moodle.lnt'' to ``/tmp/paulad_lnt.open_ZZan2j/SPECIFICATION_MOODLE.lib'' ...

lnt.open: translating ``system_interface_moodle.lnt'' to ``/tmp/paulad_lnt.open_ZZan2j/SYSTEM_INTERFACE_MOODLE.lib'' ...

lnt.open: translating ``compose_moodle.lnt'' to ``/tmp/paulad_lnt.open_ZZan2j/compose_moodle.lotos'' ...

lnt.open: calling lotos.open for ``compose_moodle.lotos'' ...
lotos.open: using ``/home/paulad/cadp/bin.x64/./testor.a''
lotos.open: calling ``caesar.adt -debug -silent compose_moodle''
cadp_indent: cannot find ``indent''
             file ``compose_moodle.h'' will not be formatted
lotos.open: calling ``caesar -main 'COMPOSED' -silent -open compose_moodle''
lotos.open: running ``testor -io moodle.io ./tp_db_attempt_step_loss.bcg ./tc_db_attempt_step_loss.bcg'' for ``compose_moodle.lotos''
  3. BCG -> AUT
  done: ./tc_db_attempt_step_loss.aut (1593 transitions)
======================================================================
==> infra_cron_dead
  1. tp -> BCG
moodle_types.lnt:269: warning: channel WriteAttemptChannel never employed
moodle_types.lnt:273: warning: channel StatusChannel never employed
moodle_types.lnt:277: warning: channel WriteSubmissionChannel never employed
moodle_types.lnt:284: warning: channel StatusWriteChannel never employed
moodle_types.lnt:288: warning: channel ContentWriteChannel never employed
moodle_types.lnt:423: warning: channel Ch_Navigate never employed
moodle_types.lnt:424: warning: channel Ch_TypeInto never employed
moodle_types.lnt:425: warning: channel Ch_Click never employed
moodle_types.lnt:426: warning: channel Ch_WaitFor never employed
moodle_types.lnt:427: warning: channel Ch_Observe never employed
moodle_types.lnt:390: warning: function L_grade never called
moodle_types.lnt:400: warning: function L_version never called
moodle_types.lnt:408: warning: function L_user never called
moodle_types.lnt:415: warning: function L_pass never called
moodle_types.lnt:38: warning: "with" function == of type CourseId never called
moodle_types.lnt:43: warning: "with" function == of type QuizId never called
moodle_types.lnt:52: warning: "with" function == of type AttemptId never called
moodle_types.lnt:57: warning: "with" function == of type AssignId never called
moodle_types.lnt:68: warning: "with" function == of type Grade never called
moodle_types.lnt:91: warning: "with" function == of type AttemptStatus never called
moodle_types.lnt:115: warning: "with" function == of type SubmissionStatus never called
moodle_types.lnt:142: warning: "with" function == of type Actor never called
moodle_types.lnt:161: warning: "with" function == of type SubmissionVersion never called
moodle_types.lnt:323: warning: "with" function == of type Route never called
moodle_types.lnt:374: warning: "with" function == of type Selector never called
moodle_types.lnt:386: warning: "with" function == of type ConcreteValue never called
tp_infra_cron_dead.lnt:28: warning: event parameter ENROL never accessed
tp_infra_cron_dead.lnt:29: warning: event parameter VIEW_QUIZ never accessed
tp_infra_cron_dead.lnt:31: warning: event parameter SAVE_ATTEMPT never accessed
tp_infra_cron_dead.lnt:32: warning: event parameter PROCESS_ATTEMPT never accessed
tp_infra_cron_dead.lnt:33: warning: event parameter GRADE_PERSISTED never accessed
tp_infra_cron_dead.lnt:35: warning: event parameter VIEW_ASSIGN never accessed
tp_infra_cron_dead.lnt:36: warning: event parameter SAVE_SUBMISSION never accessed
tp_infra_cron_dead.lnt:37: warning: event parameter UPDATE_SUBMISSION never accessed
tp_infra_cron_dead.lnt:38: warning: event parameter SUBMISSION_STATUS never accessed
tp_infra_cron_dead.lnt:39: warning: event parameter SUBMISSION_TEXT never accessed
tp_infra_cron_dead.lnt:40: warning: event parameter OPEN_GRADING never accessed
tp_infra_cron_dead.lnt:41: warning: event parameter GRADING_SHOWS never accessed
tp_infra_cron_dead.lnt:42: warning: event parameter GRADE_SUBMISSION never accessed
tp_infra_cron_dead.lnt:43: warning: event parameter CONFIRMED_GRADE never accessed
tp_infra_cron_dead.lnt:44: warning: event parameter VIEW_COURSE_TOTAL never accessed
tp_infra_cron_dead.lnt:45: warning: event parameter COURSE_TOTAL never accessed
tp_infra_cron_dead.lnt:49: warning: event parameter WRITE_ERROR_SHOWN never accessed
tp_infra_cron_dead.lnt:49: warning: event parameter STALE_WARNING_SHOWN never accessed
tp_infra_cron_dead.lnt:50: warning: event parameter SESSION_ERROR_SHOWN never accessed
tp_infra_cron_dead.lnt:50: warning: event parameter CONN_ERROR_SHOWN never accessed
cadp_indent: cannot find ``indent''
             file ``tp_infra_cron_dead.h'' will not be formatted
  2. COMPOSED x tp -> test case BCG

lnt.open: checking ``compose_moodle.lnt''
moodle_types.lnt:277: warning: channel WriteSubmissionChannel never employed
moodle_types.lnt:390: warning: function L_grade never called
moodle_types.lnt:400: warning: function L_version never called
moodle_types.lnt:38: warning: "with" function == of type CourseId never called
moodle_types.lnt:43: warning: "with" function == of type QuizId never called
moodle_types.lnt:52: warning: "with" function == of type AttemptId never called
moodle_types.lnt:57: warning: "with" function == of type AssignId never called
moodle_types.lnt:68: warning: "with" function == of type Grade never called
moodle_types.lnt:91: warning: "with" function == of type AttemptStatus never called
moodle_types.lnt:161: warning: "with" function == of type SubmissionVersion never called
moodle_types.lnt:323: warning: "with" function == of type Route never called
moodle_types.lnt:374: warning: "with" function == of type Selector never called
moodle_types.lnt:386: warning: "with" function == of type ConcreteValue never called
specification_moodle.lnt:126: warning: useless assignment to g
specification_moodle.lnt:139: warning: useless assignment to st
specification_moodle.lnt:151: warning: useless assignment to ver
specification_moodle.lnt:150: warning: useless assignment to sst
specification_moodle.lnt:148: warning: useless assignment to ver
specification_moodle.lnt:147: warning: useless assignment to sst
specification_moodle.lnt:171: warning: useless assignment to sst
specification_moodle.lnt:173: warning: useless assignment to ver
specification_moodle.lnt:175: warning: useless assignment to ver
specification_moodle.lnt:175: warning: useless assignment to g
specification_moodle.lnt:195: warning: useless assignment to g
specification_moodle.lnt:113: warning: useless assignment to ver
specification_moodle.lnt:112: warning: useless assignment to sst
specification_moodle.lnt:111: warning: useless assignment to st
specification_moodle.lnt:110: warning: useless assignment to g
specification_moodle.lnt:238: warning: useless assignment to ver
specification_moodle.lnt:230: warning: useless assignment to ver
specification_moodle.lnt:310: warning: useless assignment to s
specification_moodle.lnt:331: warning: useless assignment to s
specification_moodle.lnt:297: warning: useless assignment to shown
specification_moodle.lnt:295: warning: useless assignment to s
specification_moodle.lnt:293: warning: useless assignment to asn
specification_moodle.lnt:496: warning: useless assignment to qz
specification_moodle.lnt:496: warning: useless assignment to crs
specification_moodle.lnt:519: warning: useless assignment to sst
specification_moodle.lnt:519: warning: useless assignment to asn
specification_moodle.lnt:522: warning: useless assignment to ver
specification_moodle.lnt:522: warning: useless assignment to asn
specification_moodle.lnt:489: warning: useless assignment to sst
specification_moodle.lnt:488: warning: useless assignment to ver
specification_moodle.lnt:487: warning: useless assignment to asn
specification_moodle.lnt:485: warning: useless assignment to qz
specification_moodle.lnt:484: warning: useless assignment to crs
system_interface_moodle.lnt:239: warning: useless assignment to st
system_interface_moodle.lnt:352: warning: useless assignment to sst
system_interface_moodle.lnt:371: warning: useless assignment to ver
system_interface_moodle.lnt:398: warning: useless assignment to ver
system_interface_moodle.lnt:436: warning: useless assignment to ver
system_interface_moodle.lnt:103: warning: useless assignment to ver
system_interface_moodle.lnt:102: warning: useless assignment to sst
system_interface_moodle.lnt:101: warning: useless assignment to st

lnt.open: translating ``moodle_types.lnt'' to ``/tmp/paulad_lnt.open_i8UEBq/MOODLE_TYPES.lib'' ...

lnt.open: translating ``specification_moodle.lnt'' to ``/tmp/paulad_lnt.open_i8UEBq/SPECIFICATION_MOODLE.lib'' ...

lnt.open: translating ``system_interface_moodle.lnt'' to ``/tmp/paulad_lnt.open_i8UEBq/SYSTEM_INTERFACE_MOODLE.lib'' ...

lnt.open: translating ``compose_moodle.lnt'' to ``/tmp/paulad_lnt.open_i8UEBq/compose_moodle.lotos'' ...

lnt.open: calling lotos.open for ``compose_moodle.lotos'' ...
lotos.open: using ``/home/paulad/cadp/bin.x64/./testor.a''
lotos.open: calling ``caesar.adt -debug -silent compose_moodle''
cadp_indent: cannot find ``indent''
             file ``compose_moodle.h'' will not be formatted
lotos.open: calling ``caesar -main 'COMPOSED' -silent -open compose_moodle''
lotos.open: running ``testor -io moodle.io ./tp_infra_cron_dead.bcg ./tc_infra_cron_dead.bcg'' for ``compose_moodle.lotos''
  3. BCG -> AUT
  done: ./tc_infra_cron_dead.aut (602 transitions)
======================================================================
==> ue1_lose_conn
  1. tp -> BCG
moodle_types.lnt:269: warning: channel WriteAttemptChannel never employed
moodle_types.lnt:273: warning: channel StatusChannel never employed
moodle_types.lnt:277: warning: channel WriteSubmissionChannel never employed
moodle_types.lnt:284: warning: channel StatusWriteChannel never employed
moodle_types.lnt:288: warning: channel ContentWriteChannel never employed
moodle_types.lnt:423: warning: channel Ch_Navigate never employed
moodle_types.lnt:424: warning: channel Ch_TypeInto never employed
moodle_types.lnt:425: warning: channel Ch_Click never employed
moodle_types.lnt:426: warning: channel Ch_WaitFor never employed
moodle_types.lnt:427: warning: channel Ch_Observe never employed
moodle_types.lnt:390: warning: function L_grade never called
moodle_types.lnt:400: warning: function L_version never called
moodle_types.lnt:408: warning: function L_user never called
moodle_types.lnt:415: warning: function L_pass never called
moodle_types.lnt:38: warning: "with" function == of type CourseId never called
moodle_types.lnt:43: warning: "with" function == of type QuizId never called
moodle_types.lnt:52: warning: "with" function == of type AttemptId never called
moodle_types.lnt:57: warning: "with" function == of type AssignId never called
moodle_types.lnt:68: warning: "with" function == of type Grade never called
moodle_types.lnt:91: warning: "with" function == of type AttemptStatus never called
moodle_types.lnt:115: warning: "with" function == of type SubmissionStatus never called
moodle_types.lnt:142: warning: "with" function == of type Actor never called
moodle_types.lnt:161: warning: "with" function == of type SubmissionVersion never called
moodle_types.lnt:323: warning: "with" function == of type Route never called
moodle_types.lnt:374: warning: "with" function == of type Selector never called
moodle_types.lnt:386: warning: "with" function == of type ConcreteValue never called
tp_ue1_lose_conn.lnt:28: warning: event parameter ENROL never accessed
tp_ue1_lose_conn.lnt:29: warning: event parameter VIEW_QUIZ never accessed
tp_ue1_lose_conn.lnt:31: warning: event parameter SAVE_ATTEMPT never accessed
tp_ue1_lose_conn.lnt:32: warning: event parameter PROCESS_ATTEMPT never accessed
tp_ue1_lose_conn.lnt:33: warning: event parameter GRADE_PERSISTED never accessed
tp_ue1_lose_conn.lnt:34: warning: event parameter ATTEMPT_STATE never accessed
tp_ue1_lose_conn.lnt:35: warning: event parameter VIEW_ASSIGN never accessed
tp_ue1_lose_conn.lnt:36: warning: event parameter SAVE_SUBMISSION never accessed
tp_ue1_lose_conn.lnt:37: warning: event parameter UPDATE_SUBMISSION never accessed
tp_ue1_lose_conn.lnt:38: warning: event parameter SUBMISSION_STATUS never accessed
tp_ue1_lose_conn.lnt:39: warning: event parameter SUBMISSION_TEXT never accessed
tp_ue1_lose_conn.lnt:40: warning: event parameter OPEN_GRADING never accessed
tp_ue1_lose_conn.lnt:41: warning: event parameter GRADING_SHOWS never accessed
tp_ue1_lose_conn.lnt:42: warning: event parameter GRADE_SUBMISSION never accessed
tp_ue1_lose_conn.lnt:43: warning: event parameter CONFIRMED_GRADE never accessed
tp_ue1_lose_conn.lnt:44: warning: event parameter VIEW_COURSE_TOTAL never accessed
tp_ue1_lose_conn.lnt:45: warning: event parameter COURSE_TOTAL never accessed
tp_ue1_lose_conn.lnt:49: warning: event parameter WRITE_ERROR_SHOWN never accessed
tp_ue1_lose_conn.lnt:49: warning: event parameter STALE_WARNING_SHOWN never accessed
tp_ue1_lose_conn.lnt:50: warning: event parameter SESSION_ERROR_SHOWN never accessed
cadp_indent: cannot find ``indent''
             file ``tp_ue1_lose_conn.h'' will not be formatted
  2. COMPOSED x tp -> test case BCG

lnt.open: checking ``compose_moodle.lnt''
moodle_types.lnt:277: warning: channel WriteSubmissionChannel never employed
moodle_types.lnt:390: warning: function L_grade never called
moodle_types.lnt:400: warning: function L_version never called
moodle_types.lnt:38: warning: "with" function == of type CourseId never called
moodle_types.lnt:43: warning: "with" function == of type QuizId never called
moodle_types.lnt:52: warning: "with" function == of type AttemptId never called
moodle_types.lnt:57: warning: "with" function == of type AssignId never called
moodle_types.lnt:68: warning: "with" function == of type Grade never called
moodle_types.lnt:91: warning: "with" function == of type AttemptStatus never called
moodle_types.lnt:161: warning: "with" function == of type SubmissionVersion never called
moodle_types.lnt:323: warning: "with" function == of type Route never called
moodle_types.lnt:374: warning: "with" function == of type Selector never called
moodle_types.lnt:386: warning: "with" function == of type ConcreteValue never called
specification_moodle.lnt:126: warning: useless assignment to g
specification_moodle.lnt:139: warning: useless assignment to st
specification_moodle.lnt:151: warning: useless assignment to ver
specification_moodle.lnt:150: warning: useless assignment to sst
specification_moodle.lnt:148: warning: useless assignment to ver
specification_moodle.lnt:147: warning: useless assignment to sst
specification_moodle.lnt:171: warning: useless assignment to sst
specification_moodle.lnt:173: warning: useless assignment to ver
specification_moodle.lnt:175: warning: useless assignment to ver
specification_moodle.lnt:175: warning: useless assignment to g
specification_moodle.lnt:195: warning: useless assignment to g
specification_moodle.lnt:113: warning: useless assignment to ver
specification_moodle.lnt:112: warning: useless assignment to sst
specification_moodle.lnt:111: warning: useless assignment to st
specification_moodle.lnt:110: warning: useless assignment to g
specification_moodle.lnt:238: warning: useless assignment to ver
specification_moodle.lnt:230: warning: useless assignment to ver
specification_moodle.lnt:310: warning: useless assignment to s
specification_moodle.lnt:331: warning: useless assignment to s
specification_moodle.lnt:297: warning: useless assignment to shown
specification_moodle.lnt:295: warning: useless assignment to s
specification_moodle.lnt:293: warning: useless assignment to asn
specification_moodle.lnt:496: warning: useless assignment to qz
specification_moodle.lnt:496: warning: useless assignment to crs
specification_moodle.lnt:519: warning: useless assignment to sst
specification_moodle.lnt:519: warning: useless assignment to asn
specification_moodle.lnt:522: warning: useless assignment to ver
specification_moodle.lnt:522: warning: useless assignment to asn
specification_moodle.lnt:489: warning: useless assignment to sst
specification_moodle.lnt:488: warning: useless assignment to ver
specification_moodle.lnt:487: warning: useless assignment to asn
specification_moodle.lnt:485: warning: useless assignment to qz
specification_moodle.lnt:484: warning: useless assignment to crs
system_interface_moodle.lnt:239: warning: useless assignment to st
system_interface_moodle.lnt:352: warning: useless assignment to sst
system_interface_moodle.lnt:371: warning: useless assignment to ver
system_interface_moodle.lnt:398: warning: useless assignment to ver
system_interface_moodle.lnt:436: warning: useless assignment to ver
system_interface_moodle.lnt:103: warning: useless assignment to ver
system_interface_moodle.lnt:102: warning: useless assignment to sst
system_interface_moodle.lnt:101: warning: useless assignment to st

lnt.open: translating ``moodle_types.lnt'' to ``/tmp/paulad_lnt.open_zAp2HC/MOODLE_TYPES.lib'' ...

lnt.open: translating ``specification_moodle.lnt'' to ``/tmp/paulad_lnt.open_zAp2HC/SPECIFICATION_MOODLE.lib'' ...

lnt.open: translating ``system_interface_moodle.lnt'' to ``/tmp/paulad_lnt.open_zAp2HC/SYSTEM_INTERFACE_MOODLE.lib'' ...

lnt.open: translating ``compose_moodle.lnt'' to ``/tmp/paulad_lnt.open_zAp2HC/compose_moodle.lotos'' ...

lnt.open: calling lotos.open for ``compose_moodle.lotos'' ...
lotos.open: using ``/home/paulad/cadp/bin.x64/./testor.a''
lotos.open: calling ``caesar.adt -debug -silent compose_moodle''
cadp_indent: cannot find ``indent''
             file ``compose_moodle.h'' will not be formatted
lotos.open: calling ``caesar -main 'COMPOSED' -silent -open compose_moodle''
lotos.open: running ``testor -io moodle.io ./tp_ue1_lose_conn.bcg ./tc_ue1_lose_conn.bcg'' for ``compose_moodle.lotos''
  3. BCG -> AUT
  done: ./tc_ue1_lose_conn.aut (320 transitions)
======================================================================
==> ue2_session_expire
  1. tp -> BCG
moodle_types.lnt:269: warning: channel WriteAttemptChannel never employed
moodle_types.lnt:273: warning: channel StatusChannel never employed
moodle_types.lnt:277: warning: channel WriteSubmissionChannel never employed
moodle_types.lnt:284: warning: channel StatusWriteChannel never employed
moodle_types.lnt:288: warning: channel ContentWriteChannel never employed
moodle_types.lnt:423: warning: channel Ch_Navigate never employed
moodle_types.lnt:424: warning: channel Ch_TypeInto never employed
moodle_types.lnt:425: warning: channel Ch_Click never employed
moodle_types.lnt:426: warning: channel Ch_WaitFor never employed
moodle_types.lnt:427: warning: channel Ch_Observe never employed
moodle_types.lnt:390: warning: function L_grade never called
moodle_types.lnt:400: warning: function L_version never called
moodle_types.lnt:408: warning: function L_user never called
moodle_types.lnt:415: warning: function L_pass never called
moodle_types.lnt:38: warning: "with" function == of type CourseId never called
moodle_types.lnt:43: warning: "with" function == of type QuizId never called
moodle_types.lnt:52: warning: "with" function == of type AttemptId never called
moodle_types.lnt:57: warning: "with" function == of type AssignId never called
moodle_types.lnt:68: warning: "with" function == of type Grade never called
moodle_types.lnt:91: warning: "with" function == of type AttemptStatus never called
moodle_types.lnt:115: warning: "with" function == of type SubmissionStatus never called
moodle_types.lnt:142: warning: "with" function == of type Actor never called
moodle_types.lnt:161: warning: "with" function == of type SubmissionVersion never called
moodle_types.lnt:323: warning: "with" function == of type Route never called
moodle_types.lnt:374: warning: "with" function == of type Selector never called
moodle_types.lnt:386: warning: "with" function == of type ConcreteValue never called
tp_ue2_session_expire.lnt:28: warning: event parameter ENROL never accessed
tp_ue2_session_expire.lnt:29: warning: event parameter VIEW_QUIZ never accessed
tp_ue2_session_expire.lnt:30: warning: event parameter START_ATTEMPT never accessed
tp_ue2_session_expire.lnt:31: warning: event parameter SAVE_ATTEMPT never accessed
tp_ue2_session_expire.lnt:32: warning: event parameter PROCESS_ATTEMPT never accessed
tp_ue2_session_expire.lnt:33: warning: event parameter GRADE_PERSISTED never accessed
tp_ue2_session_expire.lnt:34: warning: event parameter ATTEMPT_STATE never accessed
tp_ue2_session_expire.lnt:36: warning: event parameter SAVE_SUBMISSION never accessed
tp_ue2_session_expire.lnt:37: warning: event parameter UPDATE_SUBMISSION never accessed
tp_ue2_session_expire.lnt:38: warning: event parameter SUBMISSION_STATUS never accessed
tp_ue2_session_expire.lnt:39: warning: event parameter SUBMISSION_TEXT never accessed
tp_ue2_session_expire.lnt:40: warning: event parameter OPEN_GRADING never accessed
tp_ue2_session_expire.lnt:41: warning: event parameter GRADING_SHOWS never accessed
tp_ue2_session_expire.lnt:42: warning: event parameter GRADE_SUBMISSION never accessed
tp_ue2_session_expire.lnt:43: warning: event parameter CONFIRMED_GRADE never accessed
tp_ue2_session_expire.lnt:44: warning: event parameter VIEW_COURSE_TOTAL never accessed
tp_ue2_session_expire.lnt:45: warning: event parameter COURSE_TOTAL never accessed
tp_ue2_session_expire.lnt:49: warning: event parameter WRITE_ERROR_SHOWN never accessed
tp_ue2_session_expire.lnt:49: warning: event parameter STALE_WARNING_SHOWN never accessed
tp_ue2_session_expire.lnt:50: warning: event parameter CONN_ERROR_SHOWN never accessed
cadp_indent: cannot find ``indent''
             file ``tp_ue2_session_expire.h'' will not be formatted
  2. COMPOSED x tp -> test case BCG

lnt.open: checking ``compose_moodle.lnt''
moodle_types.lnt:277: warning: channel WriteSubmissionChannel never employed
moodle_types.lnt:390: warning: function L_grade never called
moodle_types.lnt:400: warning: function L_version never called
moodle_types.lnt:38: warning: "with" function == of type CourseId never called
moodle_types.lnt:43: warning: "with" function == of type QuizId never called
moodle_types.lnt:52: warning: "with" function == of type AttemptId never called
moodle_types.lnt:57: warning: "with" function == of type AssignId never called
moodle_types.lnt:68: warning: "with" function == of type Grade never called
moodle_types.lnt:91: warning: "with" function == of type AttemptStatus never called
moodle_types.lnt:161: warning: "with" function == of type SubmissionVersion never called
moodle_types.lnt:323: warning: "with" function == of type Route never called
moodle_types.lnt:374: warning: "with" function == of type Selector never called
moodle_types.lnt:386: warning: "with" function == of type ConcreteValue never called
specification_moodle.lnt:126: warning: useless assignment to g
specification_moodle.lnt:139: warning: useless assignment to st
specification_moodle.lnt:151: warning: useless assignment to ver
specification_moodle.lnt:150: warning: useless assignment to sst
specification_moodle.lnt:148: warning: useless assignment to ver
specification_moodle.lnt:147: warning: useless assignment to sst
specification_moodle.lnt:171: warning: useless assignment to sst
specification_moodle.lnt:173: warning: useless assignment to ver
specification_moodle.lnt:175: warning: useless assignment to ver
specification_moodle.lnt:175: warning: useless assignment to g
specification_moodle.lnt:195: warning: useless assignment to g
specification_moodle.lnt:113: warning: useless assignment to ver
specification_moodle.lnt:112: warning: useless assignment to sst
specification_moodle.lnt:111: warning: useless assignment to st
specification_moodle.lnt:110: warning: useless assignment to g
specification_moodle.lnt:238: warning: useless assignment to ver
specification_moodle.lnt:230: warning: useless assignment to ver
specification_moodle.lnt:310: warning: useless assignment to s
specification_moodle.lnt:331: warning: useless assignment to s
specification_moodle.lnt:297: warning: useless assignment to shown
specification_moodle.lnt:295: warning: useless assignment to s
specification_moodle.lnt:293: warning: useless assignment to asn
specification_moodle.lnt:496: warning: useless assignment to qz
specification_moodle.lnt:496: warning: useless assignment to crs
specification_moodle.lnt:519: warning: useless assignment to sst
specification_moodle.lnt:519: warning: useless assignment to asn
specification_moodle.lnt:522: warning: useless assignment to ver
specification_moodle.lnt:522: warning: useless assignment to asn
specification_moodle.lnt:489: warning: useless assignment to sst
specification_moodle.lnt:488: warning: useless assignment to ver
specification_moodle.lnt:487: warning: useless assignment to asn
specification_moodle.lnt:485: warning: useless assignment to qz
specification_moodle.lnt:484: warning: useless assignment to crs
system_interface_moodle.lnt:239: warning: useless assignment to st
system_interface_moodle.lnt:352: warning: useless assignment to sst
system_interface_moodle.lnt:371: warning: useless assignment to ver
system_interface_moodle.lnt:398: warning: useless assignment to ver
system_interface_moodle.lnt:436: warning: useless assignment to ver
system_interface_moodle.lnt:103: warning: useless assignment to ver
system_interface_moodle.lnt:102: warning: useless assignment to sst
system_interface_moodle.lnt:101: warning: useless assignment to st

lnt.open: translating ``moodle_types.lnt'' to ``/tmp/paulad_lnt.open_IjP5ke/MOODLE_TYPES.lib'' ...

lnt.open: translating ``specification_moodle.lnt'' to ``/tmp/paulad_lnt.open_IjP5ke/SPECIFICATION_MOODLE.lib'' ...

lnt.open: translating ``system_interface_moodle.lnt'' to ``/tmp/paulad_lnt.open_IjP5ke/SYSTEM_INTERFACE_MOODLE.lib'' ...

lnt.open: translating ``compose_moodle.lnt'' to ``/tmp/paulad_lnt.open_IjP5ke/compose_moodle.lotos'' ...

lnt.open: calling lotos.open for ``compose_moodle.lotos'' ...
lotos.open: using ``/home/paulad/cadp/bin.x64/./testor.a''
lotos.open: calling ``caesar.adt -debug -silent compose_moodle''
cadp_indent: cannot find ``indent''
             file ``compose_moodle.h'' will not be formatted
lotos.open: calling ``caesar -main 'COMPOSED' -silent -open compose_moodle''
lotos.open: running ``testor -io moodle.io ./tp_ue2_session_expire.bcg ./tc_ue2_session_expire.bcg'' for ``compose_moodle.lotos''
  3. BCG -> AUT
  done: ./tc_ue2_session_expire.aut (121 transitions)
======================================================================
all AUTs: ./tc_app1_write_fail.aut ./tc_app_grade_stale_sub.aut ./tc_app_lazy_regrade.aut ./tc_app_partial_submission.aut ./tc_db_attempt_step_loss.aut ./tc_happy.aut ./tc_infra_cron_dead.aut ./tc_ue1_lose_conn.aut ./tc_ue2_session_expire.aut 

bring back tc_*.aut (and tc_*.bcg) to the mac repo under
systems/moodle/generated/tc/
