# MedTimer tc variants -- purpose: app_write_fail -- 2026-10-02 05:58 -- rev fb2b557 (dirty)
VARIANT	STATES	TRANSITIONS	TIME_S	VERDICT	NOTE
1	212	338	412	FAIL	
# resumed 2026-10-02 06:18 -- rev fb2b557 (dirty)
2	210	336	544	FAIL	
3	212	338	471	FAIL	
4	210	336	692	FAIL	
5	210	336	561	FAIL	
6	212	338	388	FAIL	
7	190	305	330	FAIL	
8	190	305	595	FAIL	
9	190	306	635	FAIL	
10	192	308	659	FAIL	
11	190	306	675	FAIL	
12	192	308	699	FAIL	
# resumed 2026-10-02 08:12 -- rev 31050ba (dirty)
13	170	275	310	FAIL	
14	170	275	598	FAIL	
15	170	275	474	FAIL	
16	170	276	617	FAIL	
17	172	278	525	FAIL	
18	139	228	358	FAIL	
19	139	228	507	FAIL	
20	139	228	574	FAIL	
21	139	228	349	FAIL	
22	139	228	330	FAIL	
23	139	228	336	FAIL	
24	121	200	484	FAIL	
25	121	199	681	FAIL	
26	121	199	768	FAIL	
27	121	199	709	FAIL	
28	121	199	324	FAIL	
29	121	199	470	FAIL	
30	121	199	314	FAIL	
31	123	202	483	FAIL	
32	101	168	137	FAIL	
33	101	168	128	FAIL	
34	101	168	127	FAIL	
35	101	168	129	FAIL	
36	101	168	134	FAIL	
37	101	168	133	FAIL	
38	101	168	131	FAIL	
39	101	168	131	FAIL	
