# MedTimer tc variants -- purpose: db_corrupt -- 2026-10-02 08:57 -- rev ae75b9a (dirty)
VARIANT	STATES	TRANSITIONS	TIME_S	VERDICT	NOTE
1	193	205	234	FAIL	
2	193	311	243	FAIL	
3	193	205	239	FAIL	
4	193	205	247	FAIL	
5	173	183	227	FAIL	
6	173	281	233	FAIL	
7	173	183	254	FAIL	
8	173	183	214	FAIL	
9	142	150	198	FAIL	
10	142	234	225	FAIL	
11	142	150	217	FAIL	
12	142	150	211	FAIL	
13	124	206	197	FAIL	
14	124	130	168	FAIL	
15	124	130	167	FAIL	
16	124	130	172	FAIL	
17	104	107	154	FAIL	
18	104	107	191	FAIL	
19	104	107	176	FAIL	
20	104	107	182	FAIL	
