# MedTimer tc variants -- purpose: ue_kill -- 2026-10-02 01:15 -- rev fb2b557 (dirty)
VARIANT	STATES	TRANSITIONS	TIME_S	VERDICT	NOTE
1	211	339	705	FAIL	
2	209	337	702	FAIL	
3	211	339	694	PASS	
4	209	337	711	PASS	
5	209	337	701	PASS	
6	211	339	709	PASS	
7	189	306	421	PASS	
8	189	306	494	PASS	
9	189	307	396	PASS	
10	191	309	413	PASS	
11	189	307	530	PASS	
12	191	309	459	PASS	
13	169	276	435	PASS	
14	169	276	414	PASS	
15	169	276	419	PASS	
16	169	277	448	FAIL	
17	171	279	409	PASS	
18	138	229	334	PASS	
19	138	229	354	PASS	
20	138	229	382	PASS	
21	138	229	404	PASS	
22	138	229	407	PASS	
23	138	229	408	PASS	
24	120	201	353	PASS	
25	120	200	372	PASS	
26	120	200	371	PASS	
27	120	200	356	PASS	
28	120	200	366	PASS	
29	120	200	381	PASS	
30	120	200	360	PASS	
31	122	203	368	PASS	
32	100	169	326	PASS	
33	100	169	338	PASS	
34	100	169	321	PASS	
35	100	169	327	PASS	
36	100	169	317	PASS	
37	100	169	355	PASS	
38	100	169	334	PASS	
39	100	169	197	PASS	
