# MedTimer tc variants -- purpose: db_corrupt_stock -- 2026-10-02 10:07 -- rev ae75b9a (dirty)
VARIANT	STATES	TRANSITIONS	TIME_S	VERDICT	NOTE
1	193	205	215	FAIL	
2	193	311	189	FAIL	
3	193	205	188	FAIL	
4	193	205	189	FAIL	
5	173	183	184	FAIL	
6	173	281	176	FAIL	
7	173	183	176	FAIL	
8	173	183	177	FAIL	
9	142	150	165	FAIL	
10	142	234	163	FAIL	
11	142	150	160	FAIL	
12	142	150	159	FAIL	
13	124	206	145	FAIL	
14	124	130	148	FAIL	
15	124	130	157	FAIL	
16	124	130	159	FAIL	
17	104	107	142	FAIL	
18	104	107	143	FAIL	
19	104	107	144	FAIL	
20	104	107	145	FAIL	
