# MedTimer tc variants -- purpose: db_abort -- 2026-10-02 13:39 -- rev 05f0bee (dirty)
VARIANT	STATES	TRANSITIONS	TIME_S	VERDICT	NOTE
1	190	305	174	FAIL	
2	190	305	171	FAIL	
3	170	275	159	FAIL	
4	170	275	174	FAIL	
5	170	275	160	FAIL	
6	139	228	141	FAIL	
7	139	228	143	FAIL	
8	139	228	153	FAIL	
9	139	228	161	FAIL	
10	139	228	161	FAIL	
11	139	228	155	FAIL	
12	101	168	118	FAIL	
13	101	168	117	FAIL	
14	101	168	116	FAIL	
15	101	168	115	FAIL	
16	101	168	116	FAIL	
17	101	168	116	FAIL	
18	101	168	114	FAIL	
19	101	168	115	FAIL	
