# MedTimer tc variants -- purpose: app_cache_stale -- 2026-10-02 08:12 -- rev 31050ba (dirty)
VARIANT	STATES	TRANSITIONS	TIME_S	VERDICT	NOTE
1	101	168	97	PASS	
2	101	168	102	PASS	
3	101	168	101	PASS	
4	101	168	91	PASS	
5	121	200	102	PASS	
6	121	199	104	PASS	
7	121	199	102	PASS	
8	121	199	102	PASS	
9	123	202	103	FAIL	
10	170	275	139	PASS	
11	170	275	138	PASS	
12	172	278	132	FAIL	
13	190	305	146	PASS	
14	192	308	148	FAIL	
15	190	306	145	PASS	
16	192	308	147	FAIL	
17	212	338	169	FAIL	
18	212	338	162	FAIL	
19	210	336	158	PASS	
20	210	336	159	PASS	
21	212	338	170	FAIL	
