# MedTimer tc variants -- purpose: infra_storage_full -- 2026-10-02 11:04 -- rev 05f0bee (dirty)
VARIANT	STATES	TRANSITIONS	TIME_S	VERDICT	NOTE
1	212	338	225	FAIL	
2	210	336	257	FAIL	
3	212	338	244	FAIL	
4	210	336	246	FAIL	
5	210	336	234	FAIL	
6	212	338	396	FAIL	
7	190	305	625	FAIL	
8	190	305	249	FAIL	
9	190	306	249	FAIL	
10	192	308	211	FAIL	
11	190	306	216	FAIL	
12	192	308	210	FAIL	
13	170	275	197	FAIL	
14	170	275	206	FAIL	
15	170	275	215	FAIL	
16	170	276	217	FAIL	
17	172	278	203	FAIL	
18	139	228	192	FAIL	
19	139	228	191	FAIL	
20	139	228	197	FAIL	
21	139	228	196	FAIL	
22	139	228	192	FAIL	
23	139	228	195	FAIL	
24	121	200	152	FAIL	
25	121	199	154	FAIL	
26	121	199	153	FAIL	
27	121	199	148	FAIL	
# superseded, walked again: 28	121	199	153	UNEXECUTABLE	UNEXECUTABLE (tc_infra_storage_full.aut)
29	121	199	948	FAIL	
# superseded, walked again: 30	121	199	531	UNEXECUTABLE	UNEXECUTABLE (not a verdict)
31	123	202	613	FAIL	
32	101	168	508	FAIL	
33	101	168	750	FAIL	
34	101	168	251	FAIL	
35	101	168	437	FAIL	
36	101	168	152	FAIL	
37	101	168	155	FAIL	
38	101	168	155	FAIL	
39	101	168	154	FAIL	
# resumed 2026-10-02 15:16 -- rev 05f0bee (dirty)
28	121	199	403	FAIL	
30	121	199	500	FAIL	
