# FoodYou tc variants -- purpose: db_corrupt -- 2026-09-30 19:10
VARIANT     STATES    TRANSITNS   VERDICT
1              142          148   UNEXECUTABLE
2              149          156   UNEXECUTABLE
3              113          118   UNEXECUTABLE
4              145          152   UNEXECUTABLE
5              142          148   UNEXECUTABLE
6              144          150   UNEXECUTABLE
7              139          146   UNEXECUTABLE
8              141          148   UNEXECUTABLE
9               86           90   UNEXECUTABLE
10             118          123   UNEXECUTABLE
11             131          137   UNEXECUTABLE
12             102          107   UNEXECUTABLE
13             131          136   UNEXECUTABLE
14             134          139   UNEXECUTABLE
15              80           83   UNEXECUTABLE
16             111          115   UNEXECUTABLE
17             131          137   UNEXECUTABLE
18              74           78   UNEXECUTABLE
19             164          168   UNEXECUTABLE
20             161          166   UNEXECUTABLE
21              71           74   UNEXECUTABLE
22             128          132   UNEXECUTABLE
23              68           71   UNEXECUTABLE
24             159          163   UNEXECUTABLE
25             101          104   UNEXECUTABLE
26              65           67   UNEXECUTABLE
27              96           99   UNEXECUTABLE
28              98          102   UNEXECUTABLE
29              59           62   UNEXECUTABLE
30             131          133   UNEXECUTABLE
31             128          131   UNEXECUTABLE
32              87           90   UNEXECUTABLE
33              56           58   UNEXECUTABLE
34              95           97   UNEXECUTABLE
35              53           55   UNEXECUTABLE
36             126          128   UNEXECUTABLE
37              86           88   UNEXECUTABLE
38              83           86   UNEXECUTABLE
39              44           46   UNEXECUTABLE
40              72           74   UNEXECUTABLE
41              41           42   UNEXECUTABLE
42              80           81   UNEXECUTABLE
43             111          112   UNEXECUTABLE
44              71           72   UNEXECUTABLE
45              68           70   UNEXECUTABLE
46              29           30   UNEXECUTABLE
47              57           58   UNEXECUTABLE
48              55           56   UNEXECUTABLE
49              90           90   UNEXECUTABLE
50              89           90   UNEXECUTABLE
51              12           12   UNEXECUTABLE
----------------------------------------------------------------
canonical systems/foodyou/generated/tc/tc_db_corrupt.aut restored
