# FoodYou tc variants -- purpose: cache_stale -- 2026-09-30 19:20
VARIANT     STATES    TRANSITNS   VERDICT
1              220          227   UNEXECUTABLE
2              219          226   UNEXECUTABLE
3              215          221   UNEXECUTABLE
4              215          221   UNEXECUTABLE
5              205          211   UNEXECUTABLE
6              204          210   UNEXECUTABLE
7              211          217   UNEXECUTABLE
8              211          218   UNEXECUTABLE
9              207          214   UNEXECUTABLE
10             215          222   UNEXECUTABLE
11             207          212   UNEXECUTABLE
12             207          212   UNEXECUTABLE
13             208          215   UNEXECUTABLE
14             179          183   UNEXECUTABLE
15             203          209   UNEXECUTABLE
16             193          198   UNEXECUTABLE
17             201          206   UNEXECUTABLE
18             194          200   UNEXECUTABLE
19             160          163   UNEXECUTABLE
20             160          163   UNEXECUTABLE
21             199          205   UNEXECUTABLE
22             207          213   UNEXECUTABLE
23             150          153   UNEXECUTABLE
24             156          159   UNEXECUTABLE
25             195          200   UNEXECUTABLE
26             152          156   UNEXECUTABLE
27             160          164   UNEXECUTABLE
28             183          187   UNEXECUTABLE
29             183          187   UNEXECUTABLE
30             141          144   UNEXECUTABLE
31             143          146   UNEXECUTABLE
32             148          151   UNEXECUTABLE
33             147          150   UNEXECUTABLE
34             121          123   UNEXECUTABLE
35             121          123   UNEXECUTABLE
36             183          188   UNEXECUTABLE
37             111          113   UNEXECUTABLE
38             171          175   UNEXECUTABLE
39             117          119   UNEXECUTABLE
40             113          116   UNEXECUTABLE
41             121          124   UNEXECUTABLE
42             129          132   UNEXECUTABLE
43             133          136   UNEXECUTABLE
44             129          131   UNEXECUTABLE
45             129          131   UNEXECUTABLE
46             102          104   UNEXECUTABLE
47             104          106   UNEXECUTABLE
48             109          111   UNEXECUTABLE
49             108          110   UNEXECUTABLE
50             129          132   UNEXECUTABLE
51             117          119   UNEXECUTABLE
52              90           92   UNEXECUTABLE
53              94           96   UNEXECUTABLE
54              90           91   UNEXECUTABLE
55              90           91   UNEXECUTABLE
56              63           64   UNEXECUTABLE
57              65           66   UNEXECUTABLE
58              69           70   UNEXECUTABLE
59              90           92   UNEXECUTABLE
60              78           79   UNEXECUTABLE
61              51           52   UNEXECUTABLE
62              55           56   UNEXECUTABLE
63              51           51   UNEXECUTABLE
64              51           51   UNEXECUTABLE
65              24           24   UNEXECUTABLE
66              33           33   UNEXECUTABLE
67              51           52   UNEXECUTABLE
68              39           39   UNEXECUTABLE
----------------------------------------------------------------
canonical systems/foodyou/generated/tc/tc_cache_stale.aut restored
