# FoodYou tc variants -- purpose: happy -- 2026-09-29 20:40
VARIANT     STATES    TRANSITNS   VERDICT
1              216          225   PASS
2              232          241   PASS
3              231          240   PASS
4              212          220   PASS
5              208          215   PASS
6              208          215   PASS
7              242          251   PASS
8              242          251   PASS
9              238          246   PASS
10             260          270   PASS
11             266          276   PASS
12             260          270   PASS
13             259          269   FAIL
14             267          277   PASS
15             260          270   PASS
16             260          270   PASS
17             261          271   PASS
18             238          246   PASS
19             273          284   PASS
20             262          272   PASS
21             273          284   PASS
22             263          273   PASS
23             177          183   PASS
24             197          204   PASS
25             272          284   PASS
26             271          283   PASS
27             219          227   PASS
28             229          237   PASS
29             247          255   UNEXECUTABLE
30             229          237   UNEXECUTABLE
31             229          237   FAIL
32             173          178   PASS
33             173          179   PASS
34             212          219   PASS
35             173          178   PASS
36             268          279   PASS
37             169          174   PASS
38             238          246   PASS
39             170          176   PASS
40             169          174   PASS
41             256          264   PASS
42             169          174   PASS
43             169          174   FAIL
44             169          174   PASS
45             233          242   PASS
46             236          245   PASS
47             274          283   PASS
48             182          188   PASS
49             141          146   PASS
50             273          283   PASS
51             184          190   PASS
52             160          165   PASS
53             225          232   PASS
54             160          165   PASS
55             160          165   FAIL
56             224          232   PASS
57             117          120   PASS
58             151          156   PASS
59             155          160   PASS
60             117          120   PASS
61             240          248   PASS
62             142          146   PASS
63             238          246   PASS
64             113          116   PASS
65             256          264   PASS
66             113          116   PASS
67             113          116   FAIL
68             142          146   PASS
69             236          245   PASS
70             262          271   PASS
71             126          130   PASS
72             261          271   PASS
73             128          132   PASS
74             133          137   PASS
75             191          197   PASS
76             133          137   PASS
77             133          137   FAIL
78              65           67   PASS
79              89           92   PASS
80             240          248   PASS
81              86           88   PASS
82             238          246   FAIL
83              92           95   PASS
84              86           88   PASS
85             236          245   PASS
86              72           74   PASS
87              77           79   PASS
88             201          207   PASS
89              77           79   PASS
90              77           79   FAIL
91              63           65   PASS
92             257          266   PASS
93              40           40   PASS
94              75           77   UNEXECUTABLE
95              46           47   PASS
96              40           40   FAIL
97             101          105   UNEXECUTABLE
98              31           31   FAIL
99              43           43   FAIL
100             31           31   PASS
101             31           31   FAIL
102             61           63   UNEXECUTABLE
103             50           51   FAIL
104            236          244   FAIL
105            235          244   FAIL
----------------------------------------------------------------
canonical systems/foodyou/generated/tc/tc_happy.aut restored
