# FoodYou tc variants -- purpose: extapi_fail -- 2026-09-29 18:04
VARIANT     STATES    TRANSITNS   VERDICT
1              223          229   FAIL
2              208          214   FAIL
3              207          213   FAIL
4              214          220   FAIL
5              203          209   FAIL
6              210          216   FAIL
7              215          222   FAIL
8              215          222   FAIL
9              206          213   FAIL
10             214          221   FAIL
11             197          202   FAIL
12             199          203   FAIL
13             192          197   FAIL
14             200          205   FAIL
15             158          161   FAIL
16             165          168   FAIL
17             200          206   FAIL
18             208          214   FAIL
19             161          164   FAIL
20             157          161   FAIL
21             165          169   FAIL
22             149          152   FAIL
23             182          186   FAIL
24             148          151   FAIL
25             152          155   FAIL
26             116          118   FAIL
27             123          125   FAIL
28             182          187   FAIL
29             119          121   FAIL
30             137          140   FAIL
31             115          118   FAIL
32             123          126   FAIL
33             138          141   FAIL
34             107          109   FAIL
35             134          136   FAIL
36             106          108   FAIL
37             110          112   FAIL
38             134          137   FAIL
39              95           97   FAIL
40              96           98   FAIL
41              65           66   FAIL
42              92           93   FAIL
43              64           65   FAIL
44              68           69   FAIL
45              92           94   FAIL
46              53           54   FAIL
47              54           55   FAIL
48              23           23   FAIL
49              50           50   FAIL
50              32           32   FAIL
51              50           51   FAIL
52              14           14   FAIL
53              13           13   FAIL
54              12           12   FAIL
----------------------------------------------------------------
canonical systems/foodyou/generated/tc/tc_extapi_fail.aut restored
