# FoodYou tc variants -- purpose: storage_media -- 2026-09-30 12:19
VARIANT     STATES    TRANSITNS   VERDICT
1              163          168   PASS
2              210          217   PASS
3              159          163   PASS
4              194          200   PASS
5              194          200   PASS
6              194          200   PASS
7              194          200   UNEXECUTABLE
8              194          200   PASS
9              194          200   PASS
10             194          200   PASS
11             194          200   PASS
12             159          163   PASS
13             164          170   PASS
14             180          186   PASS
15             179          185   PASS
16             207          214   PASS
17             203          209   PASS
18             207          214   PASS
19             207          214   PASS
20             146          149   PASS
21             146          149   UNEXECUTABLE
22             160          165   PASS
23             156          160   PASS
24             206          214   PASS
25             205          213   PASS
26             187          193   PASS
27             132          135   PASS
28             156          160   PASS
29             150          154   PASS
30             168          172   PASS
31             150          154   PASS
32             150          154   UNEXECUTABLE
33             141          145   PASS
34             175          180   PASS
35             137          140   PASS
36             202          209   PASS
37             137          140   PASS
38             138          142   PASS
39             146          150   PASS
40             159          163   PASS
41             129          132   PASS
42             177          181   PASS
43             129          132   PASS
44             129          132   UNEXECUTABLE
45             137          140   PASS
46             154          159   PASS
47             157          162   PASS
48             134          137   PASS
49             137          141   PASS
50             190          195   PASS
51             142          146   PASS
52             116          118   PASS
53             116          118   UNEXECUTABLE
54             113          115   PASS
55             189          195   PASS
56             144          148   PASS
57             102          104   PASS
58             113          115   PASS
59             128          131   PASS
60             146          149   PASS
61             128          131   PASS
62             128          131   UNEXECUTABLE
63             145          149   PASS
64             111          114   PASS
65             145          149   PASS
66             107          109   PASS
67             161          165   PASS
68             107          109   PASS
69             108          111   PASS
70             119          122   PASS
71             159          163   PASS
72              99          101   PASS
73             177          181   PASS
74              99          101   PASS
75              99          101   UNEXECUTABLE
76             107          109   PASS
77             157          162   PASS
78             104          106   PASS
79             107          110   PASS
80             190          195   PASS
81             112          115   PASS
82              86           87   PASS
83              86           87   UNEXECUTABLE
84              83           84   PASS
85             189          195   PASS
86             114          117   PASS
87              72           73   PASS
88              83           84   PASS
89              98          100   PASS
90             138          141   PASS
91              98          100   PASS
92              98          100   UNEXECUTABLE
93              75           77   PASS
94              96           99   PASS
95              77           78   PASS
96             161          165   PASS
97              77           78   PASS
98              78           80   PASS
99              89           91   PASS
100            159          163   PASS
101             77           78   PASS
102            157          162   PASS
103             74           75   PASS
104             54           54   PASS
105             54           54   UNEXECUTABLE
106             79           81   PASS
107             68           69   PASS
108            192          197   PASS
109             68           69   PASS
110             68           69   UNEXECUTABLE
111             70           72   PASS
112             44           44   PASS
113             47           47   PASS
114             47           47   PASS
115             54           55   PASS
116             55           56   PASS
117            126          129   PASS
118             82           84   UNEXECUTABLE
119             47           47   UNEXECUTABLE
120             94           97   UNEXECUTABLE
121             42           42   PASS
122             27           27   PASS
123             57           58   PASS
124             38           38   UNEXECUTABLE
125             50           50   UNEXECUTABLE
126             38           38   PASS
127             38           38   UNEXECUTABLE
128             68           70   UNEXECUTABLE
129             57           58   UNEXECUTABLE
130            159          163   UNEXECUTABLE
131            158          163   PASS
----------------------------------------------------------------
canonical systems/foodyou/generated/tc/tc_storage_media.aut restored
