# FoodYou tc variants -- purpose: ue1_kill -- 2026-09-30 15:59
VARIANT     STATES    TRANSITNS   VERDICT
1              178          185   FAIL
2              194          201   FAIL
3              193          200   FAIL
4              174          180   FAIL
5              170          175   FAIL
6              157          162   PASS
7              176          182   PASS
8              170          175   FAIL
9              153          157   PASS
10             153          157   PASS
11             197          205   UNEXECUTABLE
12             198          205   FAIL
13             197          205   UNEXECUTABLE
14             198          206   UNEXECUTABLE
15             200          207   FAIL
16             192          199   FAIL
17             192          199   FAIL
18             192          199   FAIL
19             164          169   PASS
20             194          201   FAIL
21             207          215   UNEXECUTABLE
22             200          208   UNEXECUTABLE
23             205          213   FAIL
24             191          199   FAIL
25             196          205   FAIL
26             127          131   FAIL
27             146          151   FAIL
28             193          201   FAIL
29             198          207   UNEXECUTABLE
30             144          148   PASS
31             190          196   UNEXECUTABLE
32             144          148   PASS
33             144          148   FAIL
34             123          126   FAIL
35             129          133   FAIL
36             163          168   FAIL
37             123          126   FAIL
38             198          205   PASS
39             125          128   FAIL
40             184          190   FAIL
41             125          128   FAIL
42             186          193   UNEXECUTABLE
43             146          149   FAIL
44             119          122   FAIL
45             119          122   FAIL
46             119          122   FAIL
47             188          195   FAIL
48             212          219   FAIL
49             132          136   FAIL
50             208          216   FAIL
51              99          102   FAIL
52             118          122   FAIL
53             134          138   FAIL
54             210          218   FAIL
55             116          119   FAIL
56             168          173   FAIL
57             116          119   FAIL
58             116          119   FAIL
59             170          176   FAIL
60              95           97   FAIL
61             101          104   FAIL
62             135          139   FAIL
63              95           97   FAIL
64             207          214   FAIL
65              97           99   FAIL
66             128          131   FAIL
67              97           99   FAIL
68             136          140   FAIL
69             118          120   FAIL
70              91           93   FAIL
71              91           93   FAIL
72              91           93   FAIL
73             138          142   FAIL
74             159          163   FAIL
75             104          107   FAIL
76             155          160   FAIL
77             106          109   FAIL
78             157          162   FAIL
79              88           90   FAIL
80             115          117   FAIL
81              88           90   FAIL
82              88           90   FAIL
83             114          117   FAIL
84              73           75   FAIL
85             101          104   FAIL
86             154          158   FAIL
87              69           70   FAIL
88             100          102   FAIL
89              69           70   FAIL
90             108          111   FAIL
91             110          113   FAIL
92              72           74   FAIL
93              60           61   FAIL
94              87           88   FAIL
95              60           61   FAIL
96              60           61   FAIL
97              86           88   FAIL
98              64           66   FAIL
99             120          123   FAIL
100             41           41   FAIL
101             66           67   FAIL
102             41           41   FAIL
103             74           76   FAIL
104             76           78   FAIL
105             44           44   FAIL
106             32           32   FAIL
107             32           32   FAIL
108             52           53   FAIL
109             39           39   FAIL
110            100          102   FAIL
111             98          101   FAIL
----------------------------------------------------------------
canonical systems/foodyou/generated/tc/tc_ue1_kill.aut restored
