=== app_cache_stale: 21 variants, walking (08:12)
1	101	168	97	PASS	
2	101	168	102	PASS	
3	101	168	101	PASS	
4	101	168	91	PASS	
5	121	200	102	PASS	
6	121	199	104	PASS	
7	121	199	102	PASS	
8	121	199	102	PASS	
9	123	202	103	FAIL	
10	170	275	139	PASS	
11	170	275	138	PASS	
12	172	278	132	FAIL	
13	190	305	146	PASS	
14	192	308	148	FAIL	
15	190	306	145	PASS	
16	192	308	147	FAIL	
17	212	338	169	FAIL	
18	212	338	162	FAIL	
19	210	336	158	PASS	
20	210	336	159	PASS	
21	212	338	170	FAIL	
=== db_corrupt: 20 variants, walking (08:57)
1	193	205	234	FAIL	
2	193	311	243	FAIL	
3	193	205	239	FAIL	
4	193	205	247	FAIL	
5	173	183	227	FAIL	
6	173	281	233	FAIL	
7	173	183	254	FAIL	
8	173	183	214	FAIL	
9	142	150	198	FAIL	
10	142	234	225	FAIL	
11	142	150	217	FAIL	
12	142	150	211	FAIL	
13	124	206	197	FAIL	
14	124	130	168	FAIL	
15	124	130	167	FAIL	
16	124	130	172	FAIL	
17	104	107	154	FAIL	
18	104	107	191	FAIL	
19	104	107	176	FAIL	
20	104	107	182	FAIL	
=== db_corrupt_stock: 20 variants, walking (10:07)
1	193	205	215	FAIL	
2	193	311	189	FAIL	
3	193	205	188	FAIL	
4	193	205	189	FAIL	
5	173	183	184	FAIL	
6	173	281	176	FAIL	
7	173	183	176	FAIL	
8	173	183	177	FAIL	
9	142	150	165	FAIL	
10	142	234	163	FAIL	
11	142	150	160	FAIL	
12	142	150	159	FAIL	
13	124	206	145	FAIL	
14	124	130	148	FAIL	
15	124	130	157	FAIL	
16	124	130	159	FAIL	
17	104	107	142	FAIL	
18	104	107	143	FAIL	
19	104	107	144	FAIL	
20	104	107	145	FAIL	
=== db_event_loss: 16 variants, walking (11:02)
1	107	110	104	FAIL	
2	107	110	108	FAIL	
3	107	110	107	FAIL	
4	107	110	104	PASS	
5	145	153	132	PASS	
6	144	153	133	PASS	
7	145	153	132	PASS	
8	145	153	136	PASS	
9	176	186	151	FAIL	
10	175	186	152	FAIL	
11	177	188	153	FAIL	
12	176	186	151	PASS	
13	196	208	154	FAIL	
14	195	208	157	PASS	
15	197	210	153	PASS	
16	197	210	151	PASS	
=== infra_storage_media: 20 variants, walking (11:39)
1	193	205	222	FAIL	
2	193	311	256	FAIL	
3	193	205	264	FAIL	
4	193	205	255	FAIL	
5	173	183	256	FAIL	
6	173	281	261	FAIL	
7	173	183	260	FAIL	
8	173	183	245	FAIL	
9	142	150	221	FAIL	
10	142	234	232	FAIL	
11	142	150	248	FAIL	
12	142	150	230	FAIL	
13	124	206	204	FAIL	
14	124	130	237	FAIL	
15	124	130	230	FAIL	
16	124	130	214	FAIL	
17	104	107	180	FAIL	
18	104	107	211	FAIL	
19	104	107	210	FAIL	
20	104	107	198	FAIL	
=== input_invalid: 1 variants, walking (12:56)
1	83	140	120	FAIL	
=== cannot_skip: 1 variants, walking (12:58)
1	167	271	127	FAIL	
=== delete_skipped: 1 variants, walking (13:00)
1	156	255	123	FAIL	
=== edit_flip: 1 variants, walking (13:02)
1	158	257	124	FAIL	
=== sweep done (13:04)
=== db_abort: 19 variants, walking (13:39)
1	190	305	174	FAIL	
2	190	305	171	FAIL	
3	170	275	159	FAIL	
4	170	275	174	FAIL	
5	170	275	160	FAIL	
6	139	228	141	FAIL	
7	139	228	143	FAIL	
8	139	228	153	FAIL	
9	139	228	161	FAIL	
10	139	228	161	FAIL	
11	139	228	155	FAIL	
12	101	168	118	FAIL	
13	101	168	117	FAIL	
14	101	168	116	FAIL	
15	101	168	115	FAIL	
16	101	168	116	FAIL	
17	101	168	116	FAIL	
18	101	168	114	FAIL	
19	101	168	115	FAIL	
=== sweep done (14:24)
