
=== DB_ABORT
  injected: True
  alerts within 15 s: [(0.3, '500')]
  form after 15 s: text kept=True button disabled=None
  restored: True
  store 8 s after restore: rows|counter=0|0 home-feed-size=2

=== APP_UNAVAILABLE
  injected: True
  alerts within 15 s: NONE
  form after 15 s: text kept=True button disabled=None
  restored: True
  store 8 s after restore: rows|counter=1|1 home-feed-size=3

=== WEB_STOPPED
  injected: True
  alerts within 15 s: [(0.1, '502')]
  form after 15 s: text kept=True button disabled=None
  web back after 8 s
  store 8 s after restore: rows|counter=0|0 home-feed-size=2

=== INFRA_DB_DOWN
  injected: True
  alerts within 15 s: NONE
  form after 15 s: text kept=True button disabled=None
  restored: True
  store 8 s after restore: rows|counter=1|1 home-feed-size=3

=== APP_WRITE_FAIL
  injected: True
  alerts within 15 s: [(0.3, 'Post published. | OPEN')]
  form after 15 s: text kept=False button disabled=None
  restored: True
  store 8 s after restore: rows|counter=0|0 home-feed-size=2

=== UE_SESSION_EXPIRED
  injected: True
  alerts within 15 s: [(0.4, '401The access token was revoked')]
  form after 15 s: text kept=True button disabled=None
  restored: True
  store 8 s after restore: rows|counter=0|0 home-feed-size=2

=== INFRA_STORAGE_FULL
  injected: True
  alerts within 15 s: [(0.3, '500')]
  form after 15 s: text kept=True button disabled=None
  restored: True
  store 8 s after restore: rows|counter=0|0 home-feed-size=2

=== INFRA_SIDEKIQ_DEAD
  injected: True
  alerts within 15 s: [(1.0, 'Post published. | OPEN')]
  form after 15 s: text kept=False button disabled=None
  restored: True
  store 8 s after restore: rows|counter=1|1 home-feed-size=3

final seed: ok
